111.60.234.168 - - [07/Jul/2021:22:17:20 +0800] "GET http://www.hbszszj.com/css/commonss.css HTTP/1.1" 200 1790 "http://www.hbszszj.com/" "Mozilla/5.0 (Linux; Android 8.1.0; PBBT30 Build/OPM1.171019.026; wv) AppleWebKit/537.36 (KHTML, like Gecko) Version/4.0 Chrome/77.0.3865.120 MQQBrowser/6.2 TBS/045710 Mobile Safari/537.36 MMWEBID/8792 MicroMessenger/8.0.7.1920(0x28000736) Process/tools WeChat/arm32 Weixin NetType/WIFI Language/zh_CN ABI/arm64"[CVLt0]
111.60.234.168 - - [07/Jul/2021:22:17:20 +0800] "GET http://www.hbszszj.com/images/hcai_03.png HTTP/1.1" 200 1229 "http://www.hbszszj.com/" "Mozilla/5.0 (Linux; Android 8.1.0; PBBT30 Build/OPM1.171019.026; wv) AppleWebKit/537.36 (KHTML, like Gecko) Version/4.0 Chrome/77.0.3865.120 MQQBrowser/6.2 TBS/045710 Mobile Safari/537.36 MMWEBID/8792 MicroMessenger/8.0.7.1920(0x28000736) Process/tools WeChat/arm32 Weixin NetType/WIFI Language/zh_CN ABI/arm64"[CVLt0]
111.60.234.168 - - [07/Jul/2021:22:17:20 +0800] "GET http://www.hbszszj.com/uploadfile/2020/1105/20201105051736321.jpg HTTP/1.1" 200 49054 "http://www.hbszszj.com/" "Mozilla/5.0 (Linux; Android 8.1.0; PBBT30 Build/OPM1.171019.026; wv) AppleWebKit/537.36 (KHTML, like Gecko) Version/4.0 Chrome/77.0.3865.120 MQQBrowser/6.2 TBS/045710 Mobile Safari/537.36 MMWEBID/8792 MicroMessenger/8.0.7.1920(0x28000736) Process/tools WeChat/arm32 Weixin NetType/WIFI Language/zh_CN ABI/arm64"[CVLt0]
111.60.234.168 - - [07/Jul/2021:22:17:21 +0800] "GET http://www.hbszszj.com/images/s1.png HTTP/1.1" 200 1046 "http://www.hbszszj.com/" "Mozilla/5.0 (Linux; Android 8.1.0; PBBT30 Build/OPM1.171019.026; wv) AppleWebKit/537.36 (KHTML, like Gecko) Version/4.0 Chrome/77.0.3865.120 MQQBrowser/6.2 TBS/045710 Mobile Safari/537.36 MMWEBID/8792 MicroMessenger/8.0.7.1920(0x28000736) Process/tools WeChat/arm32 Weixin NetType/WIFI Language/zh_CN ABI/arm64"[CVLt0]
61.129.10.43 - - [07/Jul/2021:22:17:21 +0800] "GET http://www.hbszszj.com/js/wow.min.js HTTP/1.1" 200 1710 "http://www.hbszszj.com/" "Mozilla/5.0 (Linux; Android 8.1.0; PBBT30 Build/OPM1.171019.026; wv) AppleWebKit/537.36 (KHTML, like Gecko) Version/4.0 Chrome/77.0.3865.120 MQQBrowser/6.2 TBS/045710 Mobile Safari/537.36 MMWEBID/8792 MicroMessenger/8.0.7.1920(0x28000736) Process/tools WeChat/arm32 Weixin NetType/WIFI Language/zh_CN ABI/arm64"[CVt0]
111.60.234.168 - - [07/Jul/2021:22:17:21 +0800] "GET http://www.hbszszj.com/images/sj_18.jpg HTTP/1.1" 200 1463 "http://www.hbszszj.com/" "Mozilla/5.0 (Linux; Android 8.1.0; PBBT30 Build/OPM1.171019.026; wv) AppleWebKit/537.36 (KHTML, like Gecko) Version/4.0 Chrome/77.0.3865.120 MQQBrowser/6.2 TBS/045710 Mobile Safari/537.36 MMWEBID/8792 MicroMessenger/8.0.7.1920(0x28000736) Process/tools WeChat/arm32 Weixin NetType/WIFI Language/zh_CN ABI/arm64"[CVLt0]
111.60.234.168 - - [07/Jul/2021:22:17:21 +0800] "GET http://www.hbszszj.com/images/s2.png HTTP/1.1" 200 3366 "http://www.hbszszj.com/" "Mozilla/5.0 (Linux; Android 8.1.0; PBBT30 Build/OPM1.171019.026; wv) AppleWebKit/537.36 (KHTML, like Gecko) Version/4.0 Chrome/77.0.3865.120 MQQBrowser/6.2 TBS/045710 Mobile Safari/537.36 MMWEBID/8792 MicroMessenger/8.0.7.1920(0x28000736) Process/tools WeChat/arm32 Weixin NetType/WIFI Language/zh_CN ABI/arm64"[CVLt0]
111.60.234.168 - - [07/Jul/2021:22:17:21 +0800] "GET http://www.hbszszj.com/images/s6.png HTTP/1.1" 200 1056 "http://www.hbszszj.com/" "Mozilla/5.0 (Linux; Android 8.1.0; PBBT30 Build/OPM1.171019.026; wv) AppleWebKit/537.36 (KHTML, like Gecko) Version/4.0 Chrome/77.0.3865.120 MQQBrowser/6.2 TBS/045710 Mobile Safari/537.36 MMWEBID/8792 MicroMessenger/8.0.7.1920(0x28000736) Process/tools WeChat/arm32 Weixin NetType/WIFI Language/zh_CN ABI/arm64"[CVLt0]
111.60.234.168 - - [07/Jul/2021:22:17:21 +0800] "GET http://www.hbszszj.com/uploadfile/2021/0701/20210701090427664.jpg HTTP/1.1" 200 14680 "http://www.hbszszj.com/" "Mozilla/5.0 (Linux; Android 8.1.0; PBBT30 Build/OPM1.171019.026; wv) AppleWebKit/537.36 (KHTML, like Gecko) Version/4.0 Chrome/77.0.3865.120 MQQBrowser/6.2 TBS/045710 Mobile Safari/537.36 MMWEBID/8792 MicroMessenger/8.0.7.1920(0x28000736) Process/tools WeChat/arm32 Weixin NetType/WIFI Language/zh_CN ABI/arm64"[CVLt0]
111.60.234.168 - - [07/Jul/2021:22:17:21 +0800] "GET http://www.hbszszj.com/css/animate.min.css HTTP/1.1" 200 78544 "http://www.hbszszj.com/" "Mozilla/5.0 (Linux; Android 8.1.0; PBBT30 Build/OPM1.171019.026; wv) AppleWebKit/537.36 (KHTML, like Gecko) Version/4.0 Chrome/77.0.3865.120 MQQBrowser/6.2 TBS/045710 Mobile Safari/537.36 MMWEBID/8792 MicroMessenger/8.0.7.1920(0x28000736) Process/tools WeChat/arm32 Weixin NetType/WIFI Language/zh_CN ABI/arm64"[CVLt212]
111.60.234.168 - - [07/Jul/2021:22:17:21 +0800] "GET http://www.hbszszj.com/images/zj_06.png HTTP/1.1" 200 1216 "http://www.hbszszj.com/" "Mozilla/5.0 (Linux; Android 8.1.0; PBBT30 Build/OPM1.171019.026; wv) AppleWebKit/537.36 (KHTML, like Gecko) Version/4.0 Chrome/77.0.3865.120 MQQBrowser/6.2 TBS/045710 Mobile Safari/537.36 MMWEBID/8792 MicroMessenger/8.0.7.1920(0x28000736) Process/tools WeChat/arm32 Weixin NetType/WIFI Language/zh_CN ABI/arm64"[CVLt0]
111.60.234.168 - - [07/Jul/2021:22:17:21 +0800] "GET http://www.hbszszj.com/uploadfile/2021/0625/20210625081900836.jpg HTTP/1.1" 200 54755 "http://www.hbszszj.com/" "Mozilla/5.0 (Linux; Android 8.1.0; PBBT30 Build/OPM1.171019.026; wv) AppleWebKit/537.36 (KHTML, like Gecko) Version/4.0 Chrome/77.0.3865.120 MQQBrowser/6.2 TBS/045710 Mobile Safari/537.36 MMWEBID/8792 MicroMessenger/8.0.7.1920(0x28000736) Process/tools WeChat/arm32 Weixin NetType/WIFI Language/zh_CN ABI/arm64"[CVLt303]
111.60.234.168 - - [07/Jul/2021:22:17:21 +0800] "GET http://www.hbszszj.com/uploadfile/2021/0702/20210702083000478.jpg HTTP/1.1" 200 120890 "http://www.hbszszj.com/" "Mozilla/5.0 (Linux; Android 8.1.0; PBBT30 Build/OPM1.171019.026; wv) AppleWebKit/537.36 (KHTML, like Gecko) Version/4.0 Chrome/77.0.3865.120 MQQBrowser/6.2 TBS/045710 Mobile Safari/537.36 MMWEBID/8792 MicroMessenger/8.0.7.1920(0x28000736) Process/tools WeChat/arm32 Weixin NetType/WIFI Language/zh_CN ABI/arm64"[CVLt365]
111.60.234.168 - - [07/Jul/2021:22:17:21 +0800] "GET http://www.hbszszj.com/images/bz_21.png HTTP/1.1" 200 2176 "http://www.hbszszj.com/" "Mozilla/5.0 (Linux; Android 8.1.0; PBBT30 Build/OPM1.171019.026; wv) AppleWebKit/537.36 (KHTML, like Gecko) Version/4.0 Chrome/77.0.3865.120 MQQBrowser/6.2 TBS/045710 Mobile Safari/537.36 MMWEBID/8792 MicroMessenger/8.0.7.1920(0x28000736) Process/tools WeChat/arm32 Weixin NetType/WIFI Language/zh_CN ABI/arm64"[CVLt0]
111.60.234.168 - - [07/Jul/2021:22:17:21 +0800] "GET http://www.hbszszj.com/images/by.png HTTP/1.1" 200 2087 "http://www.hbszszj.com/" "Mozilla/5.0 (Linux; Android 8.1.0; PBBT30 Build/OPM1.171019.026; wv) AppleWebKit/537.36 (KHTML, like Gecko) Version/4.0 Chrome/77.0.3865.120 MQQBrowser/6.2 TBS/045710 Mobile Safari/537.36 MMWEBID/8792 MicroMessenger/8.0.7.1920(0x28000736) Process/tools WeChat/arm32 Weixin NetType/WIFI Language/zh_CN ABI/arm64"[CVLt0]
111.60.234.168 - - [07/Jul/2021:22:17:21 +0800] "GET http://www.hbszszj.com/images/f_34.png HTTP/1.1" 200 687 "http://www.hbszszj.com/" "Mozilla/5.0 (Linux; Android 8.1.0; PBBT30 Build/OPM1.171019.026; wv) AppleWebKit/537.36 (KHTML, like Gecko) Version/4.0 Chrome/77.0.3865.120 MQQBrowser/6.2 TBS/045710 Mobile Safari/537.36 MMWEBID/8792 MicroMessenger/8.0.7.1920(0x28000736) Process/tools WeChat/arm32 Weixin NetType/WIFI Language/zh_CN ABI/arm64"[CVLt0]
111.60.234.168 - - [07/Jul/2021:22:17:22 +0800] "GET http://www.hbszszj.com/images/f_27.png HTTP/1.1" 200 529 "http://www.hbszszj.com/" "Mozilla/5.0 (Linux; Android 8.1.0; PBBT30 Build/OPM1.171019.026; wv) AppleWebKit/537.36 (KHTML, like Gecko) Version/4.0 Chrome/77.0.3865.120 MQQBrowser/6.2 TBS/045710 Mobile Safari/537.36 MMWEBID/8792 MicroMessenger/8.0.7.1920(0x28000736) Process/tools WeChat/arm32 Weixin NetType/WIFI Language/zh_CN ABI/arm64"[CVLt0]
111.60.234.168 - - [07/Jul/2021:22:17:22 +0800] "GET http://www.hbszszj.com/images/f_32.png HTTP/1.1" 200 487 "http://www.hbszszj.com/" "Mozilla/5.0 (Linux; Android 8.1.0; PBBT30 Build/OPM1.171019.026; wv) AppleWebKit/537.36 (KHTML, like Gecko) Version/4.0 Chrome/77.0.3865.120 MQQBrowser/6.2 TBS/045710 Mobile Safari/537.36 MMWEBID/8792 MicroMessenger/8.0.7.1920(0x28000736) Process/tools WeChat/arm32 Weixin NetType/WIFI Language/zh_CN ABI/arm64"[CVLt0]
111.60.234.168 - - [07/Jul/2021:22:17:22 +0800] "GET http://www.hbszszj.com/images/f_30.png HTTP/1.1" 200 517 "http://www.hbszszj.com/" "Mozilla/5.0 (Linux; Android 8.1.0; PBBT30 Build/OPM1.171019.026; wv) AppleWebKit/537.36 (KHTML, like Gecko) Version/4.0 Chrome/77.0.3865.120 MQQBrowser/6.2 TBS/045710 Mobile Safari/537.36 MMWEBID/8792 MicroMessenger/8.0.7.1920(0x28000736) Process/tools WeChat/arm32 Weixin NetType/WIFI Language/zh_CN ABI/arm64"[CVLt0]
111.60.234.168 - - [07/Jul/2021:22:17:22 +0800] "GET http://www.hbszszj.com/uploadfile/2020/1122/20201122063332373.jpg HTTP/1.1" 200 257764 "http://www.hbszszj.com/" "Mozilla/5.0 (Linux; Android 8.1.0; PBBT30 Build/OPM1.171019.026; wv) AppleWebKit/537.36 (KHTML, like Gecko) Version/4.0 Chrome/77.0.3865.120 MQQBrowser/6.2 TBS/045710 Mobile Safari/537.36 MMWEBID/8792 MicroMessenger/8.0.7.1920(0x28000736) Process/tools WeChat/arm32 Weixin NetType/WIFI Language/zh_CN ABI/arm64"[CVLt1182]
111.60.234.168 - - [07/Jul/2021:22:17:22 +0800] "GET http://www.hbszszj.com/uploadfile/2020/1107/20201107043259941.png HTTP/1.1" 200 183799 "http://www.hbszszj.com/" "Mozilla/5.0 (Linux; Android 8.1.0; PBBT30 Build/OPM1.171019.026; wv) AppleWebKit/537.36 (KHTML, like Gecko) Version/4.0 Chrome/77.0.3865.120 MQQBrowser/6.2 TBS/045710 Mobile Safari/537.36 MMWEBID/8792 MicroMessenger/8.0.7.1920(0x28000736) Process/tools WeChat/arm32 Weixin NetType/WIFI Language/zh_CN ABI/arm64"[CVLt761]
111.60.234.168 - - [07/Jul/2021:22:17:22 +0800] "GET http://www.hbszszj.com/images/ss_05.png HTTP/1.1" 200 536 "http://www.hbszszj.com/css/index.css" "Mozilla/5.0 (Linux; Android 8.1.0; PBBT30 Build/OPM1.171019.026; wv) AppleWebKit/537.36 (KHTML, like Gecko) Version/4.0 Chrome/77.0.3865.120 MQQBrowser/6.2 TBS/045710 Mobile Safari/537.36 MMWEBID/8792 MicroMessenger/8.0.7.1920(0x28000736) Process/tools WeChat/arm32 Weixin NetType/WIFI Language/zh_CN ABI/arm64"[CVLt0]
111.60.234.168 - - [07/Jul/2021:22:17:23 +0800] "GET http://www.hbszszj.com/uploadfile/2020/1116/20201116095916413.jpg HTTP/1.1" 200 269378 "http://www.hbszszj.com/" "Mozilla/5.0 (Linux; Android 8.1.0; PBBT30 Build/OPM1.171019.026; wv) AppleWebKit/537.36 (KHTML, like Gecko) Version/4.0 Chrome/77.0.3865.120 MQQBrowser/6.2 TBS/045710 Mobile Safari/537.36 MMWEBID/8792 MicroMessenger/8.0.7.1920(0x28000736) Process/tools WeChat/arm32 Weixin NetType/WIFI Language/zh_CN ABI/arm64"[CVLt633]
111.60.234.168 - - [07/Jul/2021:22:17:23 +0800] "GET http://www.hbszszj.com/images/bk_02.png HTTP/1.1" 200 297430 "http://www.hbszszj.com/css/index.css" "Mozilla/5.0 (Linux; Android 8.1.0; PBBT30 Build/OPM1.171019.026; wv) AppleWebKit/537.36 (KHTML, like Gecko) Version/4.0 Chrome/77.0.3865.120 MQQBrowser/6.2 TBS/045710 Mobile Safari/537.36 MMWEBID/8792 MicroMessenger/8.0.7.1920(0x28000736) Process/tools WeChat/arm32 Weixin NetType/WIFI Language/zh_CN ABI/arm64"[CVLt886]
111.60.234.168 - - [07/Jul/2021:22:17:24 +0800] "GET http://www.hbszszj.com/uploadfile/2020/1113/20201113042258843.jpg HTTP/1.1" 200 350603 "http://www.hbszszj.com/" "Mozilla/5.0 (Linux; Android 8.1.0; PBBT30 Build/OPM1.171019.026; wv) AppleWebKit/537.36 (KHTML, like Gecko) Version/4.0 Chrome/77.0.3865.120 MQQBrowser/6.2 TBS/045710 Mobile Safari/537.36 MMWEBID/8792 MicroMessenger/8.0.7.1920(0x28000736) Process/tools WeChat/arm32 Weixin NetType/WIFI Language/zh_CN ABI/arm64"[CVLt3795]
111.60.234.168 - - [07/Jul/2021:22:17:31 +0800] "GET http://www.hbszszj.com/uploadfile/2020/1113/20201113044007261.jpg HTTP/1.1" 200 2790863 "http://www.hbszszj.com/" "Mozilla/5.0 (Linux; Android 8.1.0; PBBT30 Build/OPM1.171019.026; wv) AppleWebKit/537.36 (KHTML, like Gecko) Version/4.0 Chrome/77.0.3865.120 MQQBrowser/6.2 TBS/045710 Mobile Safari/537.36 MMWEBID/8792 MicroMessenger/8.0.7.1920(0x28000736) Process/tools WeChat/arm32 Weixin NetType/WIFI Language/zh_CN ABI/arm64"[Lt9377]
111.60.234.168 - - [07/Jul/2021:22:17:39 +0800] "GET http://www.hbszszj.com/uploadfile/2021/0531/20210531021644430.jpg HTTP/1.1" 200 2444734 "http://www.hbszszj.com/" "Mozilla/5.0 (Linux; Android 8.1.0; PBBT30 Build/OPM1.171019.026; wv) AppleWebKit/537.36 (KHTML, like Gecko) Version/4.0 Chrome/77.0.3865.120 MQQBrowser/6.2 TBS/045710 Mobile Safari/537.36 MMWEBID/8792 MicroMessenger/8.0.7.1920(0x28000736) Process/tools WeChat/arm32 Weixin NetType/WIFI Language/zh_CN ABI/arm64"[Lt18137]
111.60.234.168 - - [07/Jul/2021:22:17:40 +0800] "GET http://www.hbszszj.com/favicon.ico HTTP/1.1" 200 4286 "http://www.hbszszj.com/" "Mozilla/5.0 (Linux; Android 8.1.0; PBBT30 Build/OPM1.171019.026; wv) AppleWebKit/537.36 (KHTML, like Gecko) Version/4.0 Chrome/77.0.3865.120 MQQBrowser/6.2 TBS/045710 Mobile Safari/537.36 MMWEBID/8792 MicroMessenger/8.0.7.1920(0x28000736) Process/tools WeChat/arm32 Weixin NetType/WIFI Language/zh_CN ABI/arm64"[Lt0]
61.129.10.43 - - [07/Jul/2021:22:18:43 +0800] "GET http://www.hbszszj.com/index.php?m=content&c=index&a=lists&catid=53 HTTP/1.1" 200 2965 "http://www.hbszszj.com/" "Mozilla/5.0 (Linux; Android 8.1.0; PBBT30 Build/OPM1.171019.026; wv) AppleWebKit/537.36 (KHTML, like Gecko) Version/4.0 Chrome/77.0.3865.120 MQQBrowser/6.2 TBS/045710 Mobile Safari/537.36 MMWEBID/8792 MicroMessenger/8.0.7.1920(0x28000736) Process/tools WeChat/arm32 Weixin NetType/WIFI Language/zh_CN ABI/arm64"[Klt103]
111.60.234.168 - - [07/Jul/2021:22:18:43 +0800] "GET http://www.hbszszj.com/images/xj_06.png HTTP/1.1" 200 691 "http://www.hbszszj.com/index.php?m=content&c=index&a=lists&catid=53" "Mozilla/5.0 (Linux; Android 8.1.0; PBBT30 Build/OPM1.171019.026; wv) AppleWebKit/537.36 (KHTML, like Gecko) Version/4.0 Chrome/77.0.3865.120 MQQBrowser/6.2 TBS/045710 Mobile Safari/537.36 MMWEBID/8792 MicroMessenger/8.0.7.1920(0x28000736) Process/tools WeChat/arm32 Weixin NetType/WIFI Language/zh_CN ABI/arm64"[Lt0]
61.129.10.43 - - [07/Jul/2021:22:19:04 +0800] "GET http://www.hbszszj.com/index.php?m=content&c=index&a=lists&catid=4 HTTP/1.1" 200 4585 "http://www.hbszszj.com/index.php?m=content&c=index&a=lists&catid=53" "Mozilla/5.0 (Linux; Android 8.1.0; PBBT30 Build/OPM1.171019.026; wv) AppleWebKit/537.36 (KHTML, like Gecko) Version/4.0 Chrome/77.0.3865.120 MQQBrowser/6.2 TBS/045710 Mobile Safari/537.36 MMWEBID/8792 MicroMessenger/8.0.7.1920(0x28000736) Process/tools WeChat/arm32 Weixin NetType/WIFI Language/zh_CN ABI/arm64"[Klt101]
111.60.234.168 - - [07/Jul/2021:22:19:05 +0800] "GET http://www.hbszszj.com/uploadfile/2021/0509/20210509073925415.jpg HTTP/1.1" 200 14153 "http://www.hbszszj.com/index.php?m=content&c=index&a=lists&catid=4" "Mozilla/5.0 (Linux; Android 8.1.0; PBBT30 Build/OPM1.171019.026; wv) AppleWebKit/537.36 (KHTML, like Gecko) Version/4.0 Chrome/77.0.3865.120 MQQBrowser/6.2 TBS/045710 Mobile Safari/537.36 MMWEBID/8792 MicroMessenger/8.0.7.1920(0x28000736) Process/tools WeChat/arm32 Weixin NetType/WIFI Language/zh_CN ABI/arm64"[Lt0]
111.60.234.168 - - [07/Jul/2021:22:19:05 +0800] "GET http://www.hbszszj.com/uploadfile/2021/0509/20210509050042722.jpg HTTP/1.1" 200 15624 "http://www.hbszszj.com/index.php?m=content&c=index&a=lists&catid=4" "Mozilla/5.0 (Linux; Android 8.1.0; PBBT30 Build/OPM1.171019.026; wv) AppleWebKit/537.36 (KHTML, like Gecko) Version/4.0 Chrome/77.0.3865.120 MQQBrowser/6.2 TBS/045710 Mobile Safari/537.36 MMWEBID/8792 MicroMessenger/8.0.7.1920(0x28000736) Process/tools WeChat/arm32 Weixin NetType/WIFI Language/zh_CN ABI/arm64"[Lt0]
111.60.234.168 - - [07/Jul/2021:22:19:05 +0800] "GET http://www.hbszszj.com/uploadfile/2020/1210/20201210124149546.jpg HTTP/1.1" 200 99777 "http://www.hbszszj.com/index.php?m=content&c=index&a=lists&catid=4" "Mozilla/5.0 (Linux; Android 8.1.0; PBBT30 Build/OPM1.171019.026; wv) AppleWebKit/537.36 (KHTML, like Gecko) Version/4.0 Chrome/77.0.3865.120 MQQBrowser/6.2 TBS/045710 Mobile Safari/537.36 MMWEBID/8792 MicroMessenger/8.0.7.1920(0x28000736) Process/tools WeChat/arm32 Weixin NetType/WIFI Language/zh_CN ABI/arm64"[Lt405]
111.60.234.168 - - [07/Jul/2021:22:19:05 +0800] "GET http://www.hbszszj.com/uploadfile/2020/1216/20201216095722814.jpg HTTP/1.1" 200 82378 "http://www.hbszszj.com/index.php?m=content&c=index&a=lists&catid=4" "Mozilla/5.0 (Linux; Android 8.1.0; PBBT30 Build/OPM1.171019.026; wv) AppleWebKit/537.36 (KHTML, like Gecko) Version/4.0 Chrome/77.0.3865.120 MQQBrowser/6.2 TBS/045710 Mobile Safari/537.36 MMWEBID/8792 MicroMessenger/8.0.7.1920(0x28000736) Process/tools WeChat/arm32 Weixin NetType/WIFI Language/zh_CN ABI/arm64"[Lt405]
111.60.234.168 - - [07/Jul/2021:22:19:07 +0800] "GET http://www.hbszszj.com/uploadfile/2021/0511/20210511033650994.jpg HTTP/1.1" 200 351405 "http://www.hbszszj.com/index.php?m=content&c=index&a=lists&catid=4" "Mozilla/5.0 (Linux; Android 8.1.0; PBBT30 Build/OPM1.171019.026; wv) AppleWebKit/537.36 (KHTML, like Gecko) Version/4.0 Chrome/77.0.3865.120 MQQBrowser/6.2 TBS/045710 Mobile Safari/537.36 MMWEBID/8792 MicroMessenger/8.0.7.1920(0x28000736) Process/tools WeChat/arm32 Weixin NetType/WIFI Language/zh_CN ABI/arm64"[Lt2170]
111.60.234.168 - - [07/Jul/2021:22:19:08 +0800] "GET http://www.hbszszj.com/uploadfile/2021/0112/20210112092818277.png HTTP/1.1" 200 854906 "http://www.hbszszj.com/index.php?m=content&c=index&a=lists&catid=4" "Mozilla/5.0 (Linux; Android 8.1.0; PBBT30 Build/OPM1.171019.026; wv) AppleWebKit/537.36 (KHTML, like Gecko) Version/4.0 Chrome/77.0.3865.120 MQQBrowser/6.2 TBS/045710 Mobile Safari/537.36 MMWEBID/8792 MicroMessenger/8.0.7.1920(0x28000736) Process/tools WeChat/arm32 Weixin NetType/WIFI Language/zh_CN ABI/arm64"[Lt2877]
111.60.234.168 - - [07/Jul/2021:22:19:09 +0800] "GET http://www.hbszszj.com/uploadfile/2021/0315/20210315082619776.png HTTP/1.1" 200 1050797 "http://www.hbszszj.com/index.php?m=content&c=index&a=lists&catid=4" "Mozilla/5.0 (Linux; Android 8.1.0; PBBT30 Build/OPM1.171019.026; wv) AppleWebKit/537.36 (KHTML, like Gecko) Version/4.0 Chrome/77.0.3865.120 MQQBrowser/6.2 TBS/045710 Mobile Safari/537.36 MMWEBID/8792 MicroMessenger/8.0.7.1920(0x28000736) Process/tools WeChat/arm32 Weixin NetType/WIFI Language/zh_CN ABI/arm64"[Lt3887]
111.60.234.168 - - [07/Jul/2021:22:19:11 +0800] "GET http://www.hbszszj.com/uploadfile/2021/0413/20210413090043613.png HTTP/1.1" 200 721104 "http://www.hbszszj.com/index.php?m=content&c=index&a=lists&catid=4" "Mozilla/5.0 (Linux; Android 8.1.0; PBBT30 Build/OPM1.171019.026; wv) AppleWebKit/537.36 (KHTML, like Gecko) Version/4.0 Chrome/77.0.3865.120 MQQBrowser/6.2 TBS/045710 Mobile Safari/537.36 MMWEBID/8792 MicroMessenger/8.0.7.1920(0x28000736) Process/tools WeChat/arm32 Weixin NetType/WIFI Language/zh_CN ABI/arm64"[Lt5706]
111.60.234.168 - - [07/Jul/2021:22:19:11 +0800] "GET http://www.hbszszj.com/uploadfile/2021/0416/20210416095445406.png HTTP/1.1" 200 975566 "http://www.hbszszj.com/index.php?m=content&c=index&a=lists&catid=4" "Mozilla/5.0 (Linux; Android 8.1.0; PBBT30 Build/OPM1.171019.026; wv) AppleWebKit/537.36 (KHTML, like Gecko) Version/4.0 Chrome/77.0.3865.120 MQQBrowser/6.2 TBS/045710 Mobile Safari/537.36 MMWEBID/8792 MicroMessenger/8.0.7.1920(0x28000736) Process/tools WeChat/arm32 Weixin NetType/WIFI Language/zh_CN ABI/arm64"[Lt6377]
183.192.201.97 - - [07/Jul/2021:22:19:23 +0800] "GET http://www.hbszszj.com/index.php?m=content&c=index&a=lists&catid=4&page=2 HTTP/1.1" 200 3594 "http://www.hbszszj.com/index.php?m=content&c=index&a=lists&catid=4" "Mozilla/5.0 (Linux; Android 8.1.0; PBBT30 Build/OPM1.171019.026; wv) AppleWebKit/537.36 (KHTML, like Gecko) Version/4.0 Chrome/77.0.3865.120 MQQBrowser/6.2 TBS/045710 Mobile Safari/537.36 MMWEBID/8792 MicroMessenger/8.0.7.1920(0x28000736) Process/tools WeChat/arm32 Weixin NetType/WIFI Language/zh_CN ABI/arm64"[Klt101]
111.60.234.168 - - [07/Jul/2021:22:19:26 +0800] "GET http://www.hbszszj.com/uploadfile/2020/1209/20201209101005175.jpg HTTP/1.1" 200 211039 "http://www.hbszszj.com/index.php?m=content&c=index&a=lists&catid=4&page=2" "Mozilla/5.0 (Linux; Android 8.1.0; PBBT30 Build/OPM1.171019.026; wv) AppleWebKit/537.36 (KHTML, like Gecko) Version/4.0 Chrome/77.0.3865.120 MQQBrowser/6.2 TBS/045710 Mobile Safari/537.36 MMWEBID/8792 MicroMessenger/8.0.7.1920(0x28000736) Process/tools WeChat/arm32 Weixin NetType/WIFI Language/zh_CN ABI/arm64"[Lt2535]
61.129.10.43 - - [07/Jul/2021:22:19:40 +0800] "GET http://www.hbszszj.com/index.php?m=content&c=index&a=lists&catid=33 HTTP/1.1" 200 3276 "http://www.hbszszj.com/index.php?m=content&c=index&a=lists&catid=4&page=2" "Mozilla/5.0 (Linux; Android 8.1.0; PBBT30 Build/OPM1.171019.026; wv) AppleWebKit/537.36 (KHTML, like Gecko) Version/4.0 Chrome/77.0.3865.120 MQQBrowser/6.2 TBS/045710 Mobile Safari/537.36 MMWEBID/8792 MicroMessenger/8.0.7.1920(0x28000736) Process/tools WeChat/arm32 Weixin NetType/WIFI Language/zh_CN ABI/arm64"[Klt101]
111.60.234.168 - - [07/Jul/2021:22:19:40 +0800] "GET http://www.hbszszj.com/uploadfile/2021/0421/20210421092303422.jpg HTTP/1.1" 200 34802 "http://www.hbszszj.com/index.php?m=content&c=index&a=lists&catid=33" "Mozilla/5.0 (Linux; Android 8.1.0; PBBT30 Build/OPM1.171019.026; wv) AppleWebKit/537.36 (KHTML, like Gecko) Version/4.0 Chrome/77.0.3865.120 MQQBrowser/6.2 TBS/045710 Mobile Safari/537.36 MMWEBID/8792 MicroMessenger/8.0.7.1920(0x28000736) Process/tools WeChat/arm32 Weixin NetType/WIFI Language/zh_CN ABI/arm64"[Lt0]
111.60.234.168 - - [07/Jul/2021:22:19:40 +0800] "GET http://www.hbszszj.com/uploadfile/2021/0602/20210602101132846.jpg HTTP/1.1" 200 64357 "http://www.hbszszj.com/index.php?m=content&c=index&a=lists&catid=33" "Mozilla/5.0 (Linux; Android 8.1.0; PBBT30 Build/OPM1.171019.026; wv) AppleWebKit/537.36 (KHTML, like Gecko) Version/4.0 Chrome/77.0.3865.120 MQQBrowser/6.2 TBS/045710 Mobile Safari/537.36 MMWEBID/8792 MicroMessenger/8.0.7.1920(0x28000736) Process/tools WeChat/arm32 Weixin NetType/WIFI Language/zh_CN ABI/arm64"[Lt101]
61.129.6.227 - - [07/Jul/2021:22:19:43 +0800] "GET http://www.hbszszj.com/index.php?m=content&c=index&a=lists&catid=53 HTTP/1.1" 200 11415 "-" "Mozilla/5.0 (Linux; Android 6.0.1; OPPO R9s Build/MMB29M) AppleWebKit/537.36 (KHTML, like Gecko) Version/4.0 Chrome/37.0.0.0 Mobile MQQBrowser/6.9 TBS/036906 Safari/537.36 MicroMessenger/6.5.4.1000 NetType/4G Language/zh_CN"[KLlt107]
61.129.6.227 - - [07/Jul/2021:22:19:44 +0800] "GET http://www.hbszszj.com/js/jquery-1.8.3.min.js HTTP/1.1" 200 93682 "http://www.hbszszj.com/index.php?m=content&c=index&a=lists&catid=53" "Mozilla/5.0 (Windows NT 6.1; WOW64) AppleWebKit/537.36 (KHTML, like Gecko) Chrome/39.0.2171.95 Safari/537.36 MicroMessenger/6.5.2.501 NetType/WIFI WindowsWechat QBCore/3.43.27.400 QQBrowser/9.0.2524.400"[Lt83]
61.129.6.227 - - [07/Jul/2021:22:19:45 +0800] "GET http://www.hbszszj.com/js/js/swiper.min.js HTTP/1.1" 200 139048 "http://www.hbszszj.com/index.php?m=content&c=index&a=lists&catid=53" "Mozilla/5.0 (iPhone; CPU iPhone OS 10_2_1 like Mac OS X) AppleWebKit/602.4.6 (KHTML, like Gecko) Mobile/14D27 MicroMessenger/6.5.5 NetType/WIFI Language/zh_CN"[Lt114]
61.129.10.43 - - [07/Jul/2021:22:20:00 +0800] "GET http://www.hbszszj.com/index.php?m=content&c=index&a=lists&catid=27 HTTP/1.1" 200 3473 "http://www.hbszszj.com/index.php?m=content&c=index&a=lists&catid=33" "Mozilla/5.0 (Linux; Android 8.1.0; PBBT30 Build/OPM1.171019.026; wv) AppleWebKit/537.36 (KHTML, like Gecko) Version/4.0 Chrome/77.0.3865.120 MQQBrowser/6.2 TBS/045710 Mobile Safari/537.36 MMWEBID/8792 MicroMessenger/8.0.7.1920(0x28000736) Process/tools WeChat/arm32 Weixin NetType/WIFI Language/zh_CN ABI/arm64"[Klt102]
111.60.234.168 - - [07/Jul/2021:22:20:00 +0800] "GET http://www.hbszszj.com/uploadfile/2021/0428/20210428082815393.jpg HTTP/1.1" 200 27641 "http://www.hbszszj.com/index.php?m=content&c=index&a=lists&catid=27" "Mozilla/5.0 (Linux; Android 8.1.0; PBBT30 Build/OPM1.171019.026; wv) AppleWebKit/537.36 (KHTML, like Gecko) Version/4.0 Chrome/77.0.3865.120 MQQBrowser/6.2 TBS/045710 Mobile Safari/537.36 MMWEBID/8792 MicroMessenger/8.0.7.1920(0x28000736) Process/tools WeChat/arm32 Weixin NetType/WIFI Language/zh_CN ABI/arm64"[Lt0]
111.60.234.168 - - [07/Jul/2021:22:20:00 +0800] "GET http://www.hbszszj.com/uploadfile/2020/1210/20201210122250416.png HTTP/1.1" 200 35079 "http://www.hbszszj.com/index.php?m=content&c=index&a=lists&catid=27" "Mozilla/5.0 (Linux; Android 8.1.0; PBBT30 Build/OPM1.171019.026; wv) AppleWebKit/537.36 (KHTML, like Gecko) Version/4.0 Chrome/77.0.3865.120 MQQBrowser/6.2 TBS/045710 Mobile Safari/537.36 MMWEBID/8792 MicroMessenger/8.0.7.1920(0x28000736) Process/tools WeChat/arm32 Weixin NetType/WIFI Language/zh_CN ABI/arm64"[Lt0]
61.151.178.249 - - [07/Jul/2021:22:20:04 +0800] "GET http://www.hbszszj.com/index.php?m=content&c=index&a=lists&catid=4 HTTP/1.1" 200 22166 "-" "Mozilla/5.0 (Linux; Android 4.4.4; Coolpad Y82-520 Build/KTU84P) AppleWebKit/537.36 (KHTML, like Gecko) Version/4.0 Chrome/33.0.0.0 Mobile Safari/537.36 MicroMessenger/6.5.4.1000 NetType/4G Language/zh_CN"[KLlt177]
61.151.178.249 - - [07/Jul/2021:22:20:06 +0800] "GET http://www.hbszszj.com/js/jquery-1.8.3.min.js HTTP/1.1" 200 93682 "http://www.hbszszj.com/index.php?m=content&c=index&a=lists&catid=4" "Mozilla/5.0 (Linux; Android 6.0.1; OPPO R9s Build/MMB29M) AppleWebKit/537.36 (KHTML, like Gecko) Version/4.0 Chrome/37.0.0.0 Mobile MQQBrowser/6.9 TBS/036906 Safari/537.36 MicroMessenger/6.5.4.1000 NetType/4G Language/zh_CN"[CVLt68]
61.151.178.249 - - [07/Jul/2021:22:20:06 +0800] "GET http://www.hbszszj.com/js/js/swiper.min.js HTTP/1.1" 200 139048 "http://www.hbszszj.com/index.php?m=content&c=index&a=lists&catid=4" "Mozilla/5.0 (iPhone; CPU iPhone OS 10_2_1 like Mac OS X) AppleWebKit/602.4.6 (KHTML, like Gecko) Mobile/14D27 MicroMessenger/6.5.5 NetType/WIFI Language/zh_CN"[CVLt199]
61.129.10.43 - - [07/Jul/2021:22:20:13 +0800] "GET http://www.hbszszj.com/index.php?m=content&c=index&a=show&catid=27&id=289 HTTP/1.1" 200 3602 "http://www.hbszszj.com/index.php?m=content&c=index&a=lists&catid=27" "Mozilla/5.0 (Linux; Android 8.1.0; PBBT30 Build/OPM1.171019.026; wv) AppleWebKit/537.36 (KHTML, like Gecko) Version/4.0 Chrome/77.0.3865.120 MQQBrowser/6.2 TBS/045710 Mobile Safari/537.36 MMWEBID/8792 MicroMessenger/8.0.7.1920(0x28000736) Process/tools WeChat/arm32 Weixin NetType/WIFI Language/zh_CN ABI/arm64"[Klt202]
111.60.234.168 - - [07/Jul/2021:22:20:16 +0800] "GET http://www.hbszszj.com/uploadfile/2021/0315/20210315064146853.jpg HTTP/1.1" 200 1596496 "http://www.hbszszj.com/index.php?m=content&c=index&a=lists&catid=27" "Mozilla/5.0 (Linux; Android 8.1.0; PBBT30 Build/OPM1.171019.026; wv) AppleWebKit/537.36 (KHTML, like Gecko) Version/4.0 Chrome/77.0.3865.120 MQQBrowser/6.2 TBS/045710 Mobile Safari/537.36 MMWEBID/8792 MicroMessenger/8.0.7.1920(0x28000736) Process/tools WeChat/arm32 Weixin NetType/WIFI Language/zh_CN ABI/arm64"[Lt16071]
61.151.178.249 - - [07/Jul/2021:22:20:22 +0800] "GET http://www.hbszszj.com/index.php?m=content&c=index&a=lists&catid=4&page=2 HTTP/1.1" 200 16220 "-" "Mozilla/5.0 (Linux; Android 4.4.4; Coolpad Y82-520 Build/KTU84P) AppleWebKit/537.36 (KHTML, like Gecko) Version/4.0 Chrome/33.0.0.0 Mobile Safari/537.36 MicroMessenger/6.5.4.1000 NetType/4G Language/zh_CN"[KLlt140]
61.151.178.249 - - [07/Jul/2021:22:20:24 +0800] "GET http://www.hbszszj.com/js/jquery-1.8.3.min.js HTTP/1.1" 200 93682 "http://www.hbszszj.com/index.php?m=content&c=index&a=lists&catid=4&page=2" "Mozilla/5.0 (Linux; Android 5.1.1; SM801 Build/LMY47V; wv) AppleWebKit/537.36 (KHTML, like Gecko) Version/4.0 Chrome/53.0.2785.49 Mobile MQQBrowser/6.2 TBS/043024 Safari/537.36 MicroMessenger/6.5.4.1000 NetType/4G Language/zh_CN"[CVLt196]
61.151.178.249 - - [07/Jul/2021:22:20:24 +0800] "GET http://www.hbszszj.com/js/js/swiper.min.js HTTP/1.1" 200 139048 "http://www.hbszszj.com/index.php?m=content&c=index&a=lists&catid=4&page=2" "Mozilla/5.0 (iPhone; CPU iPhone OS 10_2_1 like Mac OS X) AppleWebKit/602.4.6 (KHTML, like Gecko) Mobile/14D27 MicroMessenger/6.5.5 NetType/WIFI Language/en"[CVLt234]
111.60.234.168 - - [07/Jul/2021:22:20:27 +0800] "GET http://www.hbszszj.com/uploadfile/2020/1210/20201210121853244.png HTTP/1.1" 200 1716420 "http://www.hbszszj.com/index.php?m=content&c=index&a=show&catid=27&id=289" "Mozilla/5.0 (Linux; Android 8.1.0; PBBT30 Build/OPM1.171019.026; wv) AppleWebKit/537.36 (KHTML, like Gecko) Version/4.0 Chrome/77.0.3865.120 MQQBrowser/6.2 TBS/045710 Mobile Safari/537.36 MMWEBID/8792 MicroMessenger/8.0.7.1920(0x28000736) Process/tools WeChat/arm32 Weixin NetType/WIFI Language/zh_CN ABI/arm64"[Lt13755]
111.60.234.168 - - [07/Jul/2021:22:20:28 +0800] "GET http://www.hbszszj.com/uploadfile/2020/1210/20201210121925951.png HTTP/1.1" 200 944001 "http://www.hbszszj.com/index.php?m=content&c=index&a=show&catid=27&id=289" "Mozilla/5.0 (Linux; Android 8.1.0; PBBT30 Build/OPM1.171019.026; wv) AppleWebKit/537.36 (KHTML, like Gecko) Version/4.0 Chrome/77.0.3865.120 MQQBrowser/6.2 TBS/045710 Mobile Safari/537.36 MMWEBID/8792 MicroMessenger/8.0.7.1920(0x28000736) Process/tools WeChat/arm32 Weixin NetType/WIFI Language/zh_CN ABI/arm64"[Lt13119]
111.60.234.168 - - [07/Jul/2021:22:20:29 +0800] "GET http://www.hbszszj.com/uploadfile/2020/1210/20201210121908995.png HTTP/1.1" 200 1070118 "http://www.hbszszj.com/index.php?m=content&c=index&a=show&catid=27&id=289" "Mozilla/5.0 (Linux; Android 8.1.0; PBBT30 Build/OPM1.171019.026; wv) AppleWebKit/537.36 (KHTML, like Gecko) Version/4.0 Chrome/77.0.3865.120 MQQBrowser/6.2 TBS/045710 Mobile Safari/537.36 MMWEBID/8792 MicroMessenger/8.0.7.1920(0x28000736) Process/tools WeChat/arm32 Weixin NetType/WIFI Language/zh_CN ABI/arm64"[Lt14135]
111.60.234.168 - - [07/Jul/2021:22:20:29 +0800] "GET http://www.hbszszj.com/uploadfile/2020/1210/20201210122019657.png HTTP/1.1" 200 1995585 "http://www.hbszszj.com/index.php?m=content&c=index&a=show&catid=27&id=289" "Mozilla/5.0 (Linux; Android 8.1.0; PBBT30 Build/OPM1.171019.026; wv) AppleWebKit/537.36 (KHTML, like Gecko) Version/4.0 Chrome/77.0.3865.120 MQQBrowser/6.2 TBS/045710 Mobile Safari/537.36 MMWEBID/8792 MicroMessenger/8.0.7.1920(0x28000736) Process/tools WeChat/arm32 Weixin NetType/WIFI Language/zh_CN ABI/arm64"[Lt13219]
111.60.234.168 - - [07/Jul/2021:22:20:30 +0800] "GET http://www.hbszszj.com/uploadfile/2020/1210/20201210121945975.png HTTP/1.1" 200 1362297 "http://www.hbszszj.com/index.php?m=content&c=index&a=show&catid=27&id=289" "Mozilla/5.0 (Linux; Android 8.1.0; PBBT30 Build/OPM1.171019.026; wv) AppleWebKit/537.36 (KHTML, like Gecko) Version/4.0 Chrome/77.0.3865.120 MQQBrowser/6.2 TBS/045710 Mobile Safari/537.36 MMWEBID/8792 MicroMessenger/8.0.7.1920(0x28000736) Process/tools WeChat/arm32 Weixin NetType/WIFI Language/zh_CN ABI/arm64"[Lt15177]
111.60.234.168 - - [07/Jul/2021:22:20:43 +0800] "GET http://www.hbszszj.com/uploadfile/2020/1210/20201210122001938.png HTTP/1.1" 200 1636308 "http://www.hbszszj.com/index.php?m=content&c=index&a=show&catid=27&id=289" "Mozilla/5.0 (Linux; Android 8.1.0; PBBT30 Build/OPM1.171019.026; wv) AppleWebKit/537.36 (KHTML, like Gecko) Version/4.0 Chrome/77.0.3865.120 MQQBrowser/6.2 TBS/045710 Mobile Safari/537.36 MMWEBID/8792 MicroMessenger/8.0.7.1920(0x28000736) Process/tools WeChat/arm32 Weixin NetType/WIFI Language/zh_CN ABI/arm64"[Lt27336]
61.151.178.164 - - [07/Jul/2021:22:20:59 +0800] "GET http://www.hbszszj.com/index.php?m=content&c=index&a=lists&catid=27 HTTP/1.1" 200 14256 "-" "Mozilla/5.0 (iPhone; CPU iPhone OS 10_2_1 like Mac OS X) AppleWebKit/602.4.6 (KHTML, like Gecko) Mobile/14D27 MicroMessenger/6.5.5 NetType/WIFI Language/zh_CN"[KLlt119]
61.151.178.164 - - [07/Jul/2021:22:21:00 +0800] "GET http://www.hbszszj.com/js/jquery-1.8.3.min.js HTTP/1.1" 200 93682 "http://www.hbszszj.com/index.php?m=content&c=index&a=lists&catid=27" "Mozilla/5.0 (Linux; Android 4.4.4; HUAWEI ALE-CL00 Build/HuaweiALE-CL00; wv) AppleWebKit/537.36 (KHTML, like Gecko) Version/4.0 Chrome/53.0.2785.49 Mobile MQQBrowser/6.2 TBS/043024 Safari/537.36 MicroMessenger/6.5.4.1000 NetType/4G Language/zh_CN"[CVLt65]
61.151.178.164 - - [07/Jul/2021:22:21:01 +0800] "GET http://www.hbszszj.com/js/js/swiper.min.js HTTP/1.1" 200 139048 "http://www.hbszszj.com/index.php?m=content&c=index&a=lists&catid=27" "Mozilla/5.0 (iPhone; CPU iPhone OS 10_2_1 like Mac OS X) AppleWebKit/602.4.6 (KHTML, like Gecko) Mobile/14D27 MicroMessenger/6.5.5 NetType/WIFI Language/zh_CN"[CVLt96]
111.60.234.168 - - [07/Jul/2021:22:28:45 +0800] "GET http://www.hbszszj.com/uploadfile/2021/0315/20210315064146853.jpg HTTP/1.1" 206 1 "http://www.hbszszj.com/index.php?m=content&c=index&a=lists&catid=27" "Mozilla/5.0 (Linux; Android 8.1.0; PBBT30 Build/OPM1.171019.026; wv) AppleWebKit/537.36 (KHTML, like Gecko) Version/4.0 Chrome/77.0.3865.120 MQQBrowser/6.2 TBS/045710 Mobile Safari/537.36 MMWEBID/8792 MicroMessenger/8.0.7.1920(0x28000736) Process/tools WeChat/arm32 Weixin NetType/WIFI Language/zh_CN ABI/arm64"[Lt1]
61.129.10.43 - - [07/Jul/2021:22:28:49 +0800] "GET http://www.hbszszj.com/index.php?m=content&c=index&a=show&catid=27&id=317 HTTP/1.1" 200 4490 "http://www.hbszszj.com/index.php?m=content&c=index&a=lists&catid=27" "Mozilla/5.0 (Linux; Android 8.1.0; PBBT30 Build/OPM1.171019.026; wv) AppleWebKit/537.36 (KHTML, like Gecko) Version/4.0 Chrome/77.0.3865.120 MQQBrowser/6.2 TBS/045710 Mobile Safari/537.36 MMWEBID/8792 MicroMessenger/8.0.7.1920(0x28000736) Process/tools WeChat/arm32 Weixin NetType/WIFI Language/zh_CN ABI/arm64"[Klt155]
111.60.234.168 - - [07/Jul/2021:22:28:49 +0800] "GET http://www.hbszszj.com/uploadfile/2021/0315/20210315064146853.jpg HTTP/1.1" 206 746005 "http://www.hbszszj.com/index.php?m=content&c=index&a=lists&catid=27" "Mozilla/5.0 (Linux; Android 8.1.0; PBBT30 Build/OPM1.171019.026; wv) AppleWebKit/537.36 (KHTML, like Gecko) Version/4.0 Chrome/77.0.3865.120 MQQBrowser/6.2 TBS/045710 Mobile Safari/537.36 MMWEBID/8792 MicroMessenger/8.0.7.1920(0x28000736) Process/tools WeChat/arm32 Weixin NetType/WIFI Language/zh_CN ABI/arm64"[Lt4274]
111.60.234.168 - - [07/Jul/2021:22:28:50 +0800] "GET http://www.hbszszj.com/uploadfile/2021/0428/20210428094933655.png HTTP/1.1" 200 100727 "http://www.hbszszj.com/index.php?m=content&c=index&a=show&catid=27&id=317" "Mozilla/5.0 (Linux; Android 8.1.0; PBBT30 Build/OPM1.171019.026; wv) AppleWebKit/537.36 (KHTML, like Gecko) Version/4.0 Chrome/77.0.3865.120 MQQBrowser/6.2 TBS/045710 Mobile Safari/537.36 MMWEBID/8792 MicroMessenger/8.0.7.1920(0x28000736) Process/tools WeChat/arm32 Weixin NetType/WIFI Language/zh_CN ABI/arm64"[Lt145]
111.60.234.168 - - [07/Jul/2021:22:28:50 +0800] "GET http://www.hbszszj.com/uploadfile/2021/0428/20210428094921345.png HTTP/1.1" 200 102529 "http://www.hbszszj.com/index.php?m=content&c=index&a=show&catid=27&id=317" "Mozilla/5.0 (Linux; Android 8.1.0; PBBT30 Build/OPM1.171019.026; wv) AppleWebKit/537.36 (KHTML, like Gecko) Version/4.0 Chrome/77.0.3865.120 MQQBrowser/6.2 TBS/045710 Mobile Safari/537.36 MMWEBID/8792 MicroMessenger/8.0.7.1920(0x28000736) Process/tools WeChat/arm32 Weixin NetType/WIFI Language/zh_CN ABI/arm64"[Lt171]
111.60.234.168 - - [07/Jul/2021:22:28:50 +0800] "GET http://www.hbszszj.com/uploadfile/2021/0428/20210428094900790.png HTTP/1.1" 200 111209 "http://www.hbszszj.com/index.php?m=content&c=index&a=show&catid=27&id=317" "Mozilla/5.0 (Linux; Android 8.1.0; PBBT30 Build/OPM1.171019.026; wv) AppleWebKit/537.36 (KHTML, like Gecko) Version/4.0 Chrome/77.0.3865.120 MQQBrowser/6.2 TBS/045710 Mobile Safari/537.36 MMWEBID/8792 MicroMessenger/8.0.7.1920(0x28000736) Process/tools WeChat/arm32 Weixin NetType/WIFI Language/zh_CN ABI/arm64"[Lt101]
111.60.234.168 - - [07/Jul/2021:22:29:08 +0800] "GET http://www.hbszszj.com/uploadfile/2021/0315/20210315064146853.jpg HTTP/1.1" 206 1 "http://www.hbszszj.com/index.php?m=content&c=index&a=lists&catid=27" "Mozilla/5.0 (Linux; Android 8.1.0; PBBT30 Build/OPM1.171019.026; wv) AppleWebKit/537.36 (KHTML, like Gecko) Version/4.0 Chrome/77.0.3865.120 MQQBrowser/6.2 TBS/045710 Mobile Safari/537.36 MMWEBID/8792 MicroMessenger/8.0.7.1920(0x28000736) Process/tools WeChat/arm32 Weixin NetType/WIFI Language/zh_CN ABI/arm64"[Lt0]
111.60.234.168 - - [07/Jul/2021:22:29:10 +0800] "GET http://www.hbszszj.com/uploadfile/2021/0315/20210315064146853.jpg HTTP/1.1" 206 690918 "http://www.hbszszj.com/index.php?m=content&c=index&a=lists&catid=27" "Mozilla/5.0 (Linux; Android 8.1.0; PBBT30 Build/OPM1.171019.026; wv) AppleWebKit/537.36 (KHTML, like Gecko) Version/4.0 Chrome/77.0.3865.120 MQQBrowser/6.2 TBS/045710 Mobile Safari/537.36 MMWEBID/8792 MicroMessenger/8.0.7.1920(0x28000736) Process/tools WeChat/arm32 Weixin NetType/WIFI Language/zh_CN ABI/arm64"[Lt1427]
183.192.201.97 - - [07/Jul/2021:22:29:10 +0800] "GET http://www.hbszszj.com/index.php?m=content&c=index&a=show&catid=27&id=307 HTTP/1.1" 200 4461 "http://www.hbszszj.com/index.php?m=content&c=index&a=lists&catid=27" "Mozilla/5.0 (Linux; Android 8.1.0; PBBT30 Build/OPM1.171019.026; wv) AppleWebKit/537.36 (KHTML, like Gecko) Version/4.0 Chrome/77.0.3865.120 MQQBrowser/6.2 TBS/045710 Mobile Safari/537.36 MMWEBID/8792 MicroMessenger/8.0.7.1920(0x28000736) Process/tools WeChat/arm32 Weixin NetType/WIFI Language/zh_CN ABI/arm64"[Klt102]
223.167.152.20 - - [07/Jul/2021:22:29:11 +0800] "GET http://www.hbszszj.com/ HTTP/1.1" 200 4347 "-" "Mozilla/5.0 (Windows; U; Windows NT 5.1; zh-CN; rv:1.9b4) Gecko/2008030317 Firefox/3.0b4"[Klt101]
111.60.234.168 - - [07/Jul/2021:22:29:31 +0800] "GET http://www.hbszszj.com/uploadfile/2021/0315/20210315064112955.jpg HTTP/1.1" 200 3302114 "http://www.hbszszj.com/index.php?m=content&c=index&a=show&catid=27&id=307" "Mozilla/5.0 (Linux; Android 8.1.0; PBBT30 Build/OPM1.171019.026; wv) AppleWebKit/537.36 (KHTML, like Gecko) Version/4.0 Chrome/77.0.3865.120 MQQBrowser/6.2 TBS/045710 Mobile Safari/537.36 MMWEBID/8792 MicroMessenger/8.0.7.1920(0x28000736) Process/tools WeChat/arm32 Weixin NetType/WIFI Language/zh_CN ABI/arm64"[Lt19250]
61.151.178.166 - - [07/Jul/2021:22:29:52 +0800] "GET http://www.hbszszj.com/index.php?m=content&c=index&a=show&catid=27&id=317 HTTP/1.1" 200 15755 "-" "Mozilla/5.0 (Linux; Android 4.4.4; HUAWEI ALE-CL00 Build/HuaweiALE-CL00; wv) AppleWebKit/537.36 (KHTML, like Gecko) Version/4.0 Chrome/53.0.2785.49 Mobile MQQBrowser/6.2 TBS/043024 Safari/537.36 MicroMessenger/6.5.4.1000 NetType/4G Language/zh_CN"[KLlt101]
61.151.178.166 - - [07/Jul/2021:22:29:53 +0800] "GET http://www.hbszszj.com/js/jquery-1.8.3.min.js HTTP/1.1" 200 93682 "http://www.hbszszj.com/index.php?m=content&c=index&a=show&catid=27&id=317" "Mozilla/5.0 (Linux; Android 4.4.4; Coolpad Y82-520 Build/KTU84P) AppleWebKit/537.36 (KHTML, like Gecko) Version/4.0 Chrome/33.0.0.0 Mobile Safari/537.36 MicroMessenger/6.5.4.1000 NetType/4G Language/zh_CN"[Lt101]
61.151.178.166 - - [07/Jul/2021:22:29:53 +0800] "GET http://www.hbszszj.com/js/js/swiper.min.js HTTP/1.1" 200 139048 "http://www.hbszszj.com/index.php?m=content&c=index&a=show&catid=27&id=317" "Mozilla/5.0 (iPhone; CPU iPhone OS 10_2_1 like Mac OS X) AppleWebKit/602.4.6 (KHTML, like Gecko) Mobile/14D27 MicroMessenger/6.5.5 NetType/WIFI Language/en"[Lt202]
61.151.178.164 - - [07/Jul/2021:22:30:14 +0800] "GET http://www.hbszszj.com/index.php?m=content&c=index&a=show&catid=27&id=307 HTTP/1.1" 200 15482 "-" "Mozilla/5.0 (iPhone; CPU iPhone OS 10_2_1 like Mac OS X) AppleWebKit/602.4.6 (KHTML, like Gecko) Mobile/14D27 MicroMessenger/6.5.5 NetType/WIFI Language/zh_CN"[KLlt123]
61.151.178.164 - - [07/Jul/2021:22:30:19 +0800] "GET http://www.hbszszj.com/js/jquery-1.8.3.min.js HTTP/1.1" 200 93682 "http://www.hbszszj.com/index.php?m=content&c=index&a=show&catid=27&id=307" "Mozilla/5.0 (Linux; Android 4.4.4; HUAWEI ALE-CL00 Build/HuaweiALE-CL00; wv) AppleWebKit/537.36 (KHTML, like Gecko) Version/4.0 Chrome/53.0.2785.49 Mobile MQQBrowser/6.2 TBS/043024 Safari/537.36 MicroMessenger/6.5.4.1000 NetType/4G Language/zh_CN"[CVLt64]
61.129.10.43 - - [07/Jul/2021:22:30:20 +0800] "GET http://www.hbszszj.com/index.php?m=content&c=index&a=lists&catid=4 HTTP/1.1" 200 4585 "http://www.hbszszj.com/index.php?m=content&c=index&a=lists&catid=27" "Mozilla/5.0 (Linux; Android 8.1.0; PBBT30 Build/OPM1.171019.026; wv) AppleWebKit/537.36 (KHTML, like Gecko) Version/4.0 Chrome/77.0.3865.120 MQQBrowser/6.2 TBS/045710 Mobile Safari/537.36 MMWEBID/8792 MicroMessenger/8.0.7.1920(0x28000736) Process/tools WeChat/arm32 Weixin NetType/WIFI Language/zh_CN ABI/arm64"[Klt109]
183.192.201.97 - - [07/Jul/2021:22:30:26 +0800] "GET http://www.hbszszj.com/index.php?m=content&c=index&a=show&catid=28&id=313 HTTP/1.1" 200 4583 "http://www.hbszszj.com/index.php?m=content&c=index&a=lists&catid=4" "Mozilla/5.0 (Linux; Android 8.1.0; PBBT30 Build/OPM1.171019.026; wv) AppleWebKit/537.36 (KHTML, like Gecko) Version/4.0 Chrome/77.0.3865.120 MQQBrowser/6.2 TBS/045710 Mobile Safari/537.36 MMWEBID/8792 MicroMessenger/8.0.7.1920(0x28000736) Process/tools WeChat/arm32 Weixin NetType/WIFI Language/zh_CN ABI/arm64"[Klt101]
111.60.234.168 - - [07/Jul/2021:22:30:27 +0800] "GET http://www.hbszszj.com/uploadfile/2021/0416/20210416104846690.png HTTP/1.1" 200 330589 "http://www.hbszszj.com/index.php?m=content&c=index&a=show&catid=28&id=313" "Mozilla/5.0 (Linux; Android 8.1.0; PBBT30 Build/OPM1.171019.026; wv) AppleWebKit/537.36 (KHTML, like Gecko) Version/4.0 Chrome/77.0.3865.120 MQQBrowser/6.2 TBS/045710 Mobile Safari/537.36 MMWEBID/8792 MicroMessenger/8.0.7.1920(0x28000736) Process/tools WeChat/arm32 Weixin NetType/WIFI Language/zh_CN ABI/arm64"[Lt505]
111.60.234.168 - - [07/Jul/2021:22:30:27 +0800] "GET http://www.hbszszj.com/uploadfile/2021/0416/20210416104907897.png HTTP/1.1" 200 326371 "http://www.hbszszj.com/index.php?m=content&c=index&a=show&catid=28&id=313" "Mozilla/5.0 (Linux; Android 8.1.0; PBBT30 Build/OPM1.171019.026; wv) AppleWebKit/537.36 (KHTML, like Gecko) Version/4.0 Chrome/77.0.3865.120 MQQBrowser/6.2 TBS/045710 Mobile Safari/537.36 MMWEBID/8792 MicroMessenger/8.0.7.1920(0x28000736) Process/tools WeChat/arm32 Weixin NetType/WIFI Language/zh_CN ABI/arm64"[Lt606]
111.60.234.168 - - [07/Jul/2021:22:30:27 +0800] "GET http://www.hbszszj.com/uploadfile/2021/0416/20210416105209837.png HTTP/1.1" 200 284618 "http://www.hbszszj.com/index.php?m=content&c=index&a=show&catid=28&id=313" "Mozilla/5.0 (Linux; Android 8.1.0; PBBT30 Build/OPM1.171019.026; wv) AppleWebKit/537.36 (KHTML, like Gecko) Version/4.0 Chrome/77.0.3865.120 MQQBrowser/6.2 TBS/045710 Mobile Safari/537.36 MMWEBID/8792 MicroMessenger/8.0.7.1920(0x28000736) Process/tools WeChat/arm32 Weixin NetType/WIFI Language/zh_CN ABI/arm64"[Lt808]
61.151.178.164 - - [07/Jul/2021:22:30:31 +0800] "GET http://www.hbszszj.com/js/js/swiper.min.js HTTP/1.1" 200 139048 "http://www.hbszszj.com/index.php?m=content&c=index&a=show&catid=27&id=307" "Mozilla/5.0 (iPhone; CPU iPhone OS 10_2_1 like Mac OS X) AppleWebKit/602.4.6 (KHTML, like Gecko) Mobile/14D27 MicroMessenger/6.5.5 NetType/WIFI Language/zh_CN"[CVLt95]
183.192.201.97 - - [07/Jul/2021:22:31:05 +0800] "GET http://www.hbszszj.com/index.php?m=content&c=index&a=show&catid=28&id=305 HTTP/1.1" 200 4818 "http://www.hbszszj.com/index.php?m=content&c=index&a=lists&catid=4" "Mozilla/5.0 (Linux; Android 8.1.0; PBBT30 Build/OPM1.171019.026; wv) AppleWebKit/537.36 (KHTML, like Gecko) Version/4.0 Chrome/77.0.3865.120 MQQBrowser/6.2 TBS/045710 Mobile Safari/537.36 MMWEBID/8792 MicroMessenger/8.0.7.1920(0x28000736) Process/tools WeChat/arm32 Weixin NetType/WIFI Language/zh_CN ABI/arm64"[Klt101]
111.60.234.168 - - [07/Jul/2021:22:31:07 +0800] "GET http://www.hbszszj.com/uploadfile/2021/0315/20210315082649876.png HTTP/1.1" 200 766592 "http://www.hbszszj.com/index.php?m=content&c=index&a=show&catid=28&id=305" "Mozilla/5.0 (Linux; Android 8.1.0; PBBT30 Build/OPM1.171019.026; wv) AppleWebKit/537.36 (KHTML, like Gecko) Version/4.0 Chrome/77.0.3865.120 MQQBrowser/6.2 TBS/045710 Mobile Safari/537.36 MMWEBID/8792 MicroMessenger/8.0.7.1920(0x28000736) Process/tools WeChat/arm32 Weixin NetType/WIFI Language/zh_CN ABI/arm64"[Lt1584]
111.60.234.168 - - [07/Jul/2021:22:31:08 +0800] "GET http://www.hbszszj.com/uploadfile/2021/0315/20210315082749780.png HTTP/1.1" 200 738636 "http://www.hbszszj.com/index.php?m=content&c=index&a=show&catid=28&id=305" "Mozilla/5.0 (Linux; Android 8.1.0; PBBT30 Build/OPM1.171019.026; wv) AppleWebKit/537.36 (KHTML, like Gecko) Version/4.0 Chrome/77.0.3865.120 MQQBrowser/6.2 TBS/045710 Mobile Safari/537.36 MMWEBID/8792 MicroMessenger/8.0.7.1920(0x28000736) Process/tools WeChat/arm32 Weixin NetType/WIFI Language/zh_CN ABI/arm64"[Lt1886]
111.60.234.168 - - [07/Jul/2021:22:31:15 +0800] "GET http://www.hbszszj.com/uploadfile/2021/0315/20210315082716913.png HTTP/1.1" 200 1349161 "http://www.hbszszj.com/index.php?m=content&c=index&a=show&catid=28&id=305" "Mozilla/5.0 (Linux; Android 8.1.0; PBBT30 Build/OPM1.171019.026; wv) AppleWebKit/537.36 (KHTML, like Gecko) Version/4.0 Chrome/77.0.3865.120 MQQBrowser/6.2 TBS/045710 Mobile Safari/537.36 MMWEBID/8792 MicroMessenger/8.0.7.1920(0x28000736) Process/tools WeChat/arm32 Weixin NetType/WIFI Language/zh_CN ABI/arm64"[Lt9134]
111.60.234.168 - - [07/Jul/2021:22:31:15 +0800] "GET http://www.hbszszj.com/uploadfile/2021/0315/20210315082958594.png HTTP/1.1" 200 863171 "http://www.hbszszj.com/index.php?m=content&c=index&a=show&catid=28&id=305" "Mozilla/5.0 (Linux; Android 8.1.0; PBBT30 Build/OPM1.171019.026; wv) AppleWebKit/537.36 (KHTML, like Gecko) Version/4.0 Chrome/77.0.3865.120 MQQBrowser/6.2 TBS/045710 Mobile Safari/537.36 MMWEBID/8792 MicroMessenger/8.0.7.1920(0x28000736) Process/tools WeChat/arm32 Weixin NetType/WIFI Language/zh_CN ABI/arm64"[Lt9219]
183.192.201.97 - - [07/Jul/2021:22:31:41 +0800] "GET http://www.hbszszj.com/index.php?m=content&c=index&a=show&catid=28&id=297 HTTP/1.1" 200 4875 "http://www.hbszszj.com/index.php?m=content&c=index&a=lists&catid=4" "Mozilla/5.0 (Linux; Android 8.1.0; PBBT30 Build/OPM1.171019.026; wv) AppleWebKit/537.36 (KHTML, like Gecko) Version/4.0 Chrome/77.0.3865.120 MQQBrowser/6.2 TBS/045710 Mobile Safari/537.36 MMWEBID/8792 MicroMessenger/8.0.7.1920(0x28000736) Process/tools WeChat/arm32 Weixin NetType/WIFI Language/zh_CN ABI/arm64"[Klt101]
111.60.234.168 - - [07/Jul/2021:22:31:46 +0800] "GET http://www.hbszszj.com/uploadfile/2021/0112/20210112092800755.png HTTP/1.1" 200 930480 "http://www.hbszszj.com/index.php?m=content&c=index&a=show&catid=28&id=297" "Mozilla/5.0 (Linux; Android 8.1.0; PBBT30 Build/OPM1.171019.026; wv) AppleWebKit/537.36 (KHTML, like Gecko) Version/4.0 Chrome/77.0.3865.120 MQQBrowser/6.2 TBS/045710 Mobile Safari/537.36 MMWEBID/8792 MicroMessenger/8.0.7.1920(0x28000736) Process/tools WeChat/arm32 Weixin NetType/WIFI Language/zh_CN ABI/arm64"[Lt4968]
111.60.234.168 - - [07/Jul/2021:22:31:56 +0800] "GET http://www.hbszszj.com/uploadfile/2021/0112/20210112092737373.png HTTP/1.1" 200 854906 "http://www.hbszszj.com/index.php?m=content&c=index&a=show&catid=28&id=297" "Mozilla/5.0 (Linux; Android 8.1.0; PBBT30 Build/OPM1.171019.026; wv) AppleWebKit/537.36 (KHTML, like Gecko) Version/4.0 Chrome/77.0.3865.120 MQQBrowser/6.2 TBS/045710 Mobile Safari/537.36 MMWEBID/8792 MicroMessenger/8.0.7.1920(0x28000736) Process/tools WeChat/arm32 Weixin NetType/WIFI Language/zh_CN ABI/arm64"[Lt14985]
61.129.10.43 - - [07/Jul/2021:22:32:00 +0800] "GET http://www.hbszszj.com/index.php?m=content&c=index&a=show&catid=28&id=295 HTTP/1.1" 200 4399 "http://www.hbszszj.com/index.php?m=content&c=index&a=lists&catid=4" "Mozilla/5.0 (Linux; Android 8.1.0; PBBT30 Build/OPM1.171019.026; wv) AppleWebKit/537.36 (KHTML, like Gecko) Version/4.0 Chrome/77.0.3865.120 MQQBrowser/6.2 TBS/045710 Mobile Safari/537.36 MMWEBID/8792 MicroMessenger/8.0.7.1920(0x28000736) Process/tools WeChat/arm32 Weixin NetType/WIFI Language/zh_CN ABI/arm64"[Klt203]
111.60.234.168 - - [07/Jul/2021:22:32:00 +0800] "GET http://www.hbszszj.com/uploadfile/2020/1216/20201216095945481.jpg HTTP/1.1" 200 75401 "http://www.hbszszj.com/index.php?m=content&c=index&a=show&catid=28&id=295" "Mozilla/5.0 (Linux; Android 8.1.0; PBBT30 Build/OPM1.171019.026; wv) AppleWebKit/537.36 (KHTML, like Gecko) Version/4.0 Chrome/77.0.3865.120 MQQBrowser/6.2 TBS/045710 Mobile Safari/537.36 MMWEBID/8792 MicroMessenger/8.0.7.1920(0x28000736) Process/tools WeChat/arm32 Weixin NetType/WIFI Language/zh_CN ABI/arm64"[Lt0]
111.60.234.168 - - [07/Jul/2021:22:32:00 +0800] "GET http://www.hbszszj.com/uploadfile/2020/1216/20201216095859296.jpg HTTP/1.1" 200 69846 "http://www.hbszszj.com/index.php?m=content&c=index&a=show&catid=28&id=295" "Mozilla/5.0 (Linux; Android 8.1.0; PBBT30 Build/OPM1.171019.026; wv) AppleWebKit/537.36 (KHTML, like Gecko) Version/4.0 Chrome/77.0.3865.120 MQQBrowser/6.2 TBS/045710 Mobile Safari/537.36 MMWEBID/8792 MicroMessenger/8.0.7.1920(0x28000736) Process/tools WeChat/arm32 Weixin NetType/WIFI Language/zh_CN ABI/arm64"[Lt0]
111.60.234.168 - - [07/Jul/2021:22:32:00 +0800] "GET http://www.hbszszj.com/uploadfile/2020/1216/20201216100021893.jpg HTTP/1.1" 200 77772 "http://www.hbszszj.com/index.php?m=content&c=index&a=show&catid=28&id=295" "Mozilla/5.0 (Linux; Android 8.1.0; PBBT30 Build/OPM1.171019.026; wv) AppleWebKit/537.36 (KHTML, like Gecko) Version/4.0 Chrome/77.0.3865.120 MQQBrowser/6.2 TBS/045710 Mobile Safari/537.36 MMWEBID/8792 MicroMessenger/8.0.7.1920(0x28000736) Process/tools WeChat/arm32 Weixin NetType/WIFI Language/zh_CN ABI/arm64"[Lt122]
101.91.60.85 - - [07/Jul/2021:22:32:06 +0800] "GET http://www.hbszszj.com/index.php?m=content&c=index&a=show&catid=28&id=305 HTTP/1.1" 200 16256 "-" "Mozilla/5.0 (iPhone; CPU iPhone OS 10_2_1 like Mac OS X) AppleWebKit/602.4.6 (KHTML, like Gecko) Mobile/14D27 MicroMessenger/6.5.5 NetType/WIFI Language/zh_CN"[KLlt101]
