112.111.55.251 - - [28/May/2021:18:23:05 +0800] "GET http://www.hbszszj.com/images/ss_05.png HTTP/1.1" 304 0 "http://www.hbszszj.com/css/index.css" "Mozilla/5.0 (Linux; U; Android 11; zh-CN; PDSM00 Build/RP1A.200720.011) AppleWebKit/537.36 (KHTML, like Gecko) Version/4.0 Chrome/69.0.3497.100 UWS/3.22.0.36 Mobile Safari/537.36 AliApp(DingTalk/6.0.17) com.alibaba.android.rimet/14913286 Channel/263200 language/zh-CN UT4Aplus/0.2.25 colorScheme/light"[CVLt0]
112.111.55.251 - - [28/May/2021:18:23:05 +0800] "GET http://www.hbszszj.com/uploadfile/2020/1122/20201122063332373.jpg HTTP/1.1" 304 0 "http://www.hbszszj.com/" "Mozilla/5.0 (Linux; U; Android 11; zh-CN; PDSM00 Build/RP1A.200720.011) AppleWebKit/537.36 (KHTML, like Gecko) Version/4.0 Chrome/69.0.3497.100 UWS/3.22.0.36 Mobile Safari/537.36 AliApp(DingTalk/6.0.17) com.alibaba.android.rimet/14913286 Channel/263200 language/zh-CN UT4Aplus/0.2.25 colorScheme/light"[CVLt0]
112.111.55.251 - - [28/May/2021:18:23:05 +0800] "GET http://www.hbszszj.com/uploadfile/2020/1113/20201113042258843.jpg HTTP/1.1" 304 0 "http://www.hbszszj.com/" "Mozilla/5.0 (Linux; U; Android 11; zh-CN; PDSM00 Build/RP1A.200720.011) AppleWebKit/537.36 (KHTML, like Gecko) Version/4.0 Chrome/69.0.3497.100 UWS/3.22.0.36 Mobile Safari/537.36 AliApp(DingTalk/6.0.17) com.alibaba.android.rimet/14913286 Channel/263200 language/zh-CN UT4Aplus/0.2.25 colorScheme/light"[CVLt0]
112.111.55.251 - - [28/May/2021:18:23:05 +0800] "GET http://www.hbszszj.com/uploadfile/2020/1113/20201113044007261.jpg HTTP/1.1" 206 1 "http://www.hbszszj.com/" "Mozilla/5.0 (Linux; U; Android 11; zh-CN; PDSM00 Build/RP1A.200720.011) AppleWebKit/537.36 (KHTML, like Gecko) Version/4.0 Chrome/69.0.3497.100 UWS/3.22.0.36 Mobile Safari/537.36 AliApp(DingTalk/6.0.17) com.alibaba.android.rimet/14913286 Channel/263200 language/zh-CN UT4Aplus/0.2.25 colorScheme/light"[Lt0]
112.111.55.251 - - [28/May/2021:18:23:05 +0800] "GET http://www.hbszszj.com/uploadfile/2020/1113/20201113045527120.jpg HTTP/1.1" 206 1 "http://www.hbszszj.com/" "Mozilla/5.0 (Linux; U; Android 11; zh-CN; PDSM00 Build/RP1A.200720.011) AppleWebKit/537.36 (KHTML, like Gecko) Version/4.0 Chrome/69.0.3497.100 UWS/3.22.0.36 Mobile Safari/537.36 AliApp(DingTalk/6.0.17) com.alibaba.android.rimet/14913286 Channel/263200 language/zh-CN UT4Aplus/0.2.25 colorScheme/light"[Lt0]
112.111.55.251 - - [28/May/2021:18:23:05 +0800] "GET http://www.hbszszj.com/images/bz_21.png HTTP/1.1" 304 0 "http://www.hbszszj.com/" "Mozilla/5.0 (Linux; U; Android 11; zh-CN; PDSM00 Build/RP1A.200720.011) AppleWebKit/537.36 (KHTML, like Gecko) Version/4.0 Chrome/69.0.3497.100 UWS/3.22.0.36 Mobile Safari/537.36 AliApp(DingTalk/6.0.17) com.alibaba.android.rimet/14913286 Channel/263200 language/zh-CN UT4Aplus/0.2.25 colorScheme/light"[CVLt0]
112.111.55.251 - - [28/May/2021:18:23:05 +0800] "GET http://www.hbszszj.com/images/by.png HTTP/1.1" 304 0 "http://www.hbszszj.com/" "Mozilla/5.0 (Linux; U; Android 11; zh-CN; PDSM00 Build/RP1A.200720.011) AppleWebKit/537.36 (KHTML, like Gecko) Version/4.0 Chrome/69.0.3497.100 UWS/3.22.0.36 Mobile Safari/537.36 AliApp(DingTalk/6.0.17) com.alibaba.android.rimet/14913286 Channel/263200 language/zh-CN UT4Aplus/0.2.25 colorScheme/light"[CVLt0]
112.111.55.251 - - [28/May/2021:18:23:05 +0800] "GET http://www.hbszszj.com/uploadfile/2020/1107/20201107043259941.png HTTP/1.1" 304 0 "http://www.hbszszj.com/" "Mozilla/5.0 (Linux; U; Android 11; zh-CN; PDSM00 Build/RP1A.200720.011) AppleWebKit/537.36 (KHTML, like Gecko) Version/4.0 Chrome/69.0.3497.100 UWS/3.22.0.36 Mobile Safari/537.36 AliApp(DingTalk/6.0.17) com.alibaba.android.rimet/14913286 Channel/263200 language/zh-CN UT4Aplus/0.2.25 colorScheme/light"[CVLt0]
112.111.55.251 - - [28/May/2021:18:23:05 +0800] "GET http://www.hbszszj.com/uploadfile/2021/0528/20210528032108410.jpg HTTP/1.1" 200 46551 "http://www.hbszszj.com/" "Mozilla/5.0 (Linux; U; Android 11; zh-CN; PDSM00 Build/RP1A.200720.011) AppleWebKit/537.36 (KHTML, like Gecko) Version/4.0 Chrome/69.0.3497.100 UWS/3.22.0.36 Mobile Safari/537.36 AliApp(DingTalk/6.0.17) com.alibaba.android.rimet/14913286 Channel/263200 language/zh-CN UT4Aplus/0.2.25 colorScheme/light"[CVLt85]
112.111.55.251 - - [28/May/2021:18:23:05 +0800] "GET http://www.hbszszj.com/images/f_34.png HTTP/1.1" 304 0 "http://www.hbszszj.com/" "Mozilla/5.0 (Linux; U; Android 11; zh-CN; PDSM00 Build/RP1A.200720.011) AppleWebKit/537.36 (KHTML, like Gecko) Version/4.0 Chrome/69.0.3497.100 UWS/3.22.0.36 Mobile Safari/537.36 AliApp(DingTalk/6.0.17) com.alibaba.android.rimet/14913286 Channel/263200 language/zh-CN UT4Aplus/0.2.25 colorScheme/light"[CVLt0]
112.111.55.251 - - [28/May/2021:18:23:05 +0800] "GET http://www.hbszszj.com/images/f_27.png HTTP/1.1" 304 0 "http://www.hbszszj.com/" "Mozilla/5.0 (Linux; U; Android 11; zh-CN; PDSM00 Build/RP1A.200720.011) AppleWebKit/537.36 (KHTML, like Gecko) Version/4.0 Chrome/69.0.3497.100 UWS/3.22.0.36 Mobile Safari/537.36 AliApp(DingTalk/6.0.17) com.alibaba.android.rimet/14913286 Channel/263200 language/zh-CN UT4Aplus/0.2.25 colorScheme/light"[CVLt0]
112.111.55.251 - - [28/May/2021:18:23:05 +0800] "GET http://www.hbszszj.com/images/f_32.png HTTP/1.1" 304 0 "http://www.hbszszj.com/" "Mozilla/5.0 (Linux; U; Android 11; zh-CN; PDSM00 Build/RP1A.200720.011) AppleWebKit/537.36 (KHTML, like Gecko) Version/4.0 Chrome/69.0.3497.100 UWS/3.22.0.36 Mobile Safari/537.36 AliApp(DingTalk/6.0.17) com.alibaba.android.rimet/14913286 Channel/263200 language/zh-CN UT4Aplus/0.2.25 colorScheme/light"[CVLt0]
112.111.55.251 - - [28/May/2021:18:23:05 +0800] "GET http://www.hbszszj.com/images/f_30.png HTTP/1.1" 304 0 "http://www.hbszszj.com/" "Mozilla/5.0 (Linux; U; Android 11; zh-CN; PDSM00 Build/RP1A.200720.011) AppleWebKit/537.36 (KHTML, like Gecko) Version/4.0 Chrome/69.0.3497.100 UWS/3.22.0.36 Mobile Safari/537.36 AliApp(DingTalk/6.0.17) com.alibaba.android.rimet/14913286 Channel/263200 language/zh-CN UT4Aplus/0.2.25 colorScheme/light"[CVLt0]
112.111.55.251 - - [28/May/2021:18:23:05 +0800] "GET http://www.hbszszj.com/images/bk_02.png HTTP/1.1" 304 0 "http://www.hbszszj.com/css/index.css" "Mozilla/5.0 (Linux; U; Android 11; zh-CN; PDSM00 Build/RP1A.200720.011) AppleWebKit/537.36 (KHTML, like Gecko) Version/4.0 Chrome/69.0.3497.100 UWS/3.22.0.36 Mobile Safari/537.36 AliApp(DingTalk/6.0.17) com.alibaba.android.rimet/14913286 Channel/263200 language/zh-CN UT4Aplus/0.2.25 colorScheme/light"[CVLt0]
112.111.55.251 - - [28/May/2021:18:23:05 +0800] "GET http://www.hbszszj.com/uploadfile/2021/0527/20210527094018753.jpg HTTP/1.1" 200 53089 "http://www.hbszszj.com/" "Mozilla/5.0 (Linux; U; Android 11; zh-CN; PDSM00 Build/RP1A.200720.011) AppleWebKit/537.36 (KHTML, like Gecko) Version/4.0 Chrome/69.0.3497.100 UWS/3.22.0.36 Mobile Safari/537.36 AliApp(DingTalk/6.0.17) com.alibaba.android.rimet/14913286 Channel/263200 language/zh-CN UT4Aplus/0.2.25 colorScheme/light"[CVLt127]
112.111.55.251 - - [28/May/2021:18:23:06 +0800] "GET http://www.hbszszj.com/uploadfile/2021/0526/20210526093544155.jpg HTTP/1.1" 200 708044 "http://www.hbszszj.com/" "Mozilla/5.0 (Linux; U; Android 11; zh-CN; PDSM00 Build/RP1A.200720.011) AppleWebKit/537.36 (KHTML, like Gecko) Version/4.0 Chrome/69.0.3497.100 UWS/3.22.0.36 Mobile Safari/537.36 AliApp(DingTalk/6.0.17) com.alibaba.android.rimet/14913286 Channel/263200 language/zh-CN UT4Aplus/0.2.25 colorScheme/light"[CVLt1154]
157.255.246.25 - - [28/May/2021:18:23:09 +0800] "GET http://www.hbszszj.com/index.php?m=content&c=index&a=lists&catid=39 HTTP/1.1" 200 2948 "http://www.hbszszj.com/index.php?m=content&c=index&a=lists&catid=27" "Mozilla/5.0 (Linux; Android 10; RMX1901 Build/QKQ1.190918.001; wv) AppleWebKit/537.36 (KHTML, like Gecko) Version/4.0 Chrome/77.0.3865.120 MQQBrowser/6.2 TBS/045613 Mobile Safari/537.36 MMWEBID/8083 MicroMessenger/8.0.3.1880(0x2800033D) Process/tools WeChat/arm64 Weixin NetType/4G Language/zh_CN ABI/arm64"[Klt101]
112.96.68.223 - - [28/May/2021:18:23:09 +0800] "GET http://www.hbszszj.com/uploadfile/2021/0315/20210315064146853.jpg HTTP/1.1" 200 2322428 "http://www.hbszszj.com/index.php?m=content&c=index&a=lists&catid=27" "Mozilla/5.0 (Linux; Android 10; RMX1901 Build/QKQ1.190918.001; wv) AppleWebKit/537.36 (KHTML, like Gecko) Version/4.0 Chrome/77.0.3865.120 MQQBrowser/6.2 TBS/045613 Mobile Safari/537.36 MMWEBID/8083 MicroMessenger/8.0.3.1880(0x2800033D) Process/tools WeChat/arm64 Weixin NetType/4G Language/zh_CN ABI/arm64"[Lt12782]
112.111.55.251 - - [28/May/2021:18:23:13 +0800] "GET http://www.hbszszj.com/uploadfile/2020/1113/20201113045527120.jpg HTTP/1.1" 206 1112707 "http://www.hbszszj.com/" "Mozilla/5.0 (Linux; U; Android 11; zh-CN; PDSM00 Build/RP1A.200720.011) AppleWebKit/537.36 (KHTML, like Gecko) Version/4.0 Chrome/69.0.3497.100 UWS/3.22.0.36 Mobile Safari/537.36 AliApp(DingTalk/6.0.17) com.alibaba.android.rimet/14913286 Channel/263200 language/zh-CN UT4Aplus/0.2.25 colorScheme/light"[Lt8265]
112.111.55.251 - - [28/May/2021:18:23:18 +0800] "GET http://www.hbszszj.com/uploadfile/2020/1113/20201113044007261.jpg HTTP/1.1" 206 1348426 "http://www.hbszszj.com/" "Mozilla/5.0 (Linux; U; Android 11; zh-CN; PDSM00 Build/RP1A.200720.011) AppleWebKit/537.36 (KHTML, like Gecko) Version/4.0 Chrome/69.0.3497.100 UWS/3.22.0.36 Mobile Safari/537.36 AliApp(DingTalk/6.0.17) com.alibaba.android.rimet/14913286 Channel/263200 language/zh-CN UT4Aplus/0.2.25 colorScheme/light"[Lt12840]
112.111.55.251 - - [28/May/2021:18:23:19 +0800] "GET http://www.hbszszj.com/ HTTP/1.1" 200 4474 "-" "Mozilla/5.0 (Linux; U; Android 11; zh-CN; PDSM00 Build/RP1A.200720.011) AppleWebKit/537.36 (KHTML, like Gecko) Version/4.0 Chrome/69.0.3497.100 UWS/3.22.0.36 Mobile Safari/537.36 AliApp(DingTalk/6.0.17) com.alibaba.android.rimet/14913286 Channel/263200 language/zh-CN UT4Aplus/0.2.25 colorScheme/light"[KLlt102]
183.3.227.102 - - [28/May/2021:18:23:20 +0800] "GET http://www.hbszszj.com/index.php?m=content&c=index&a=lists&catid=4 HTTP/1.1" 200 4585 "http://www.hbszszj.com/index.php?m=content&c=index&a=lists&catid=39" "Mozilla/5.0 (Linux; Android 10; RMX1901 Build/QKQ1.190918.001; wv) AppleWebKit/537.36 (KHTML, like Gecko) Version/4.0 Chrome/77.0.3865.120 MQQBrowser/6.2 TBS/045613 Mobile Safari/537.36 MMWEBID/8083 MicroMessenger/8.0.3.1880(0x2800033D) Process/tools WeChat/arm64 Weixin NetType/4G Language/zh_CN ABI/arm64"[Klt101]
112.96.68.223 - - [28/May/2021:18:23:20 +0800] "GET http://www.hbszszj.com/uploadfile/2021/0509/20210509073925415.jpg HTTP/1.1" 200 14153 "http://www.hbszszj.com/index.php?m=content&c=index&a=lists&catid=4" "Mozilla/5.0 (Linux; Android 10; RMX1901 Build/QKQ1.190918.001; wv) AppleWebKit/537.36 (KHTML, like Gecko) Version/4.0 Chrome/77.0.3865.120 MQQBrowser/6.2 TBS/045613 Mobile Safari/537.36 MMWEBID/8083 MicroMessenger/8.0.3.1880(0x2800033D) Process/tools WeChat/arm64 Weixin NetType/4G Language/zh_CN ABI/arm64"[Lt101]
112.96.68.223 - - [28/May/2021:18:23:20 +0800] "GET http://www.hbszszj.com/uploadfile/2021/0509/20210509050042722.jpg HTTP/1.1" 200 15624 "http://www.hbszszj.com/index.php?m=content&c=index&a=lists&catid=4" "Mozilla/5.0 (Linux; Android 10; RMX1901 Build/QKQ1.190918.001; wv) AppleWebKit/537.36 (KHTML, like Gecko) Version/4.0 Chrome/77.0.3865.120 MQQBrowser/6.2 TBS/045613 Mobile Safari/537.36 MMWEBID/8083 MicroMessenger/8.0.3.1880(0x2800033D) Process/tools WeChat/arm64 Weixin NetType/4G Language/zh_CN ABI/arm64"[Lt0]
112.96.68.223 - - [28/May/2021:18:23:21 +0800] "GET http://www.hbszszj.com/uploadfile/2020/1216/20201216095722814.jpg HTTP/1.1" 200 82378 "http://www.hbszszj.com/index.php?m=content&c=index&a=lists&catid=4" "Mozilla/5.0 (Linux; Android 10; RMX1901 Build/QKQ1.190918.001; wv) AppleWebKit/537.36 (KHTML, like Gecko) Version/4.0 Chrome/77.0.3865.120 MQQBrowser/6.2 TBS/045613 Mobile Safari/537.36 MMWEBID/8083 MicroMessenger/8.0.3.1880(0x2800033D) Process/tools WeChat/arm64 Weixin NetType/4G Language/zh_CN ABI/arm64"[Lt0]
112.96.68.223 - - [28/May/2021:18:23:21 +0800] "GET http://www.hbszszj.com/uploadfile/2020/1210/20201210124149546.jpg HTTP/1.1" 200 99777 "http://www.hbszszj.com/index.php?m=content&c=index&a=lists&catid=4" "Mozilla/5.0 (Linux; Android 10; RMX1901 Build/QKQ1.190918.001; wv) AppleWebKit/537.36 (KHTML, like Gecko) Version/4.0 Chrome/77.0.3865.120 MQQBrowser/6.2 TBS/045613 Mobile Safari/537.36 MMWEBID/8083 MicroMessenger/8.0.3.1880(0x2800033D) Process/tools WeChat/arm64 Weixin NetType/4G Language/zh_CN ABI/arm64"[Lt207]
112.96.68.223 - - [28/May/2021:18:23:22 +0800] "GET http://www.hbszszj.com/uploadfile/2021/0511/20210511033650994.jpg HTTP/1.1" 200 351405 "http://www.hbszszj.com/index.php?m=content&c=index&a=lists&catid=4" "Mozilla/5.0 (Linux; Android 10; RMX1901 Build/QKQ1.190918.001; wv) AppleWebKit/537.36 (KHTML, like Gecko) Version/4.0 Chrome/77.0.3865.120 MQQBrowser/6.2 TBS/045613 Mobile Safari/537.36 MMWEBID/8083 MicroMessenger/8.0.3.1880(0x2800033D) Process/tools WeChat/arm64 Weixin NetType/4G Language/zh_CN ABI/arm64"[Lt2524]
112.96.68.223 - - [28/May/2021:18:23:26 +0800] "GET http://www.hbszszj.com/uploadfile/2021/0112/20210112092818277.png HTTP/1.1" 200 854906 "http://www.hbszszj.com/index.php?m=content&c=index&a=lists&catid=4" "Mozilla/5.0 (Linux; Android 10; RMX1901 Build/QKQ1.190918.001; wv) AppleWebKit/537.36 (KHTML, like Gecko) Version/4.0 Chrome/77.0.3865.120 MQQBrowser/6.2 TBS/045613 Mobile Safari/537.36 MMWEBID/8083 MicroMessenger/8.0.3.1880(0x2800033D) Process/tools WeChat/arm64 Weixin NetType/4G Language/zh_CN ABI/arm64"[Lt6533]
112.111.55.251 - - [28/May/2021:18:23:27 +0800] "GET http://www.hbszszj.com/uploadfile/2020/1113/20201113044007261.jpg HTTP/1.1" 200 1006780 "http://www.hbszszj.com/" "Mozilla/5.0 (Linux; U; Android 11; zh-CN; PDSM00 Build/RP1A.200720.011) AppleWebKit/537.36 (KHTML, like Gecko) Version/4.0 Chrome/69.0.3497.100 UWS/3.22.0.36 Mobile Safari/537.36 AliApp(DingTalk/6.0.17) com.alibaba.android.rimet/14913286 Channel/263200 language/zh-CN UT4Aplus/0.2.25 colorScheme/light"[Lt7716]
112.96.68.223 - - [28/May/2021:18:23:28 +0800] "GET http://www.hbszszj.com/uploadfile/2021/0413/20210413090043613.png HTTP/1.1" 200 721104 "http://www.hbszszj.com/index.php?m=content&c=index&a=lists&catid=4" "Mozilla/5.0 (Linux; Android 10; RMX1901 Build/QKQ1.190918.001; wv) AppleWebKit/537.36 (KHTML, like Gecko) Version/4.0 Chrome/77.0.3865.120 MQQBrowser/6.2 TBS/045613 Mobile Safari/537.36 MMWEBID/8083 MicroMessenger/8.0.3.1880(0x2800033D) Process/tools WeChat/arm64 Weixin NetType/4G Language/zh_CN ABI/arm64"[Lt6265]
112.96.68.223 - - [28/May/2021:18:23:30 +0800] "GET http://www.hbszszj.com/uploadfile/2021/0315/20210315082619776.png HTTP/1.1" 200 408269 "http://www.hbszszj.com/index.php?m=content&c=index&a=lists&catid=4" "Mozilla/5.0 (Linux; Android 10; RMX1901 Build/QKQ1.190918.001; wv) AppleWebKit/537.36 (KHTML, like Gecko) Version/4.0 Chrome/77.0.3865.120 MQQBrowser/6.2 TBS/045613 Mobile Safari/537.36 MMWEBID/8083 MicroMessenger/8.0.3.1880(0x2800033D) Process/tools WeChat/arm64 Weixin NetType/4G Language/zh_CN ABI/arm64"[Lt9858]
112.96.68.223 - - [28/May/2021:18:23:30 +0800] "GET http://www.hbszszj.com/uploadfile/2021/0416/20210416095445406.png HTTP/1.1" 200 432534 "http://www.hbszszj.com/index.php?m=content&c=index&a=lists&catid=4" "Mozilla/5.0 (Linux; Android 10; RMX1901 Build/QKQ1.190918.001; wv) AppleWebKit/537.36 (KHTML, like Gecko) Version/4.0 Chrome/77.0.3865.120 MQQBrowser/6.2 TBS/045613 Mobile Safari/537.36 MMWEBID/8083 MicroMessenger/8.0.3.1880(0x2800033D) Process/tools WeChat/arm64 Weixin NetType/4G Language/zh_CN ABI/arm64"[Lt9859]
112.96.68.223 - - [28/May/2021:18:23:31 +0800] "GET http://www.hbszszj.com/uploadfile/2021/0315/20210315064146853.jpg HTTP/1.1" 206 1 "http://www.hbszszj.com/index.php?m=content&c=index&a=lists&catid=27" "Mozilla/5.0 (Linux; Android 10; RMX1901 Build/QKQ1.190918.001; wv) AppleWebKit/537.36 (KHTML, like Gecko) Version/4.0 Chrome/77.0.3865.120 MQQBrowser/6.2 TBS/045613 Mobile Safari/537.36 MMWEBID/8083 MicroMessenger/8.0.3.1880(0x2800033D) Process/tools WeChat/arm64 Weixin NetType/4G Language/zh_CN ABI/arm64"[Lt0]
112.96.68.223 - - [28/May/2021:18:23:31 +0800] "GET http://www.hbszszj.com/uploadfile/2021/0315/20210315064146853.jpg HTTP/1.1" 206 204662 "http://www.hbszszj.com/index.php?m=content&c=index&a=lists&catid=27" "Mozilla/5.0 (Linux; Android 10; RMX1901 Build/QKQ1.190918.001; wv) AppleWebKit/537.36 (KHTML, like Gecko) Version/4.0 Chrome/77.0.3865.120 MQQBrowser/6.2 TBS/045613 Mobile Safari/537.36 MMWEBID/8083 MicroMessenger/8.0.3.1880(0x2800033D) Process/tools WeChat/arm64 Weixin NetType/4G Language/zh_CN ABI/arm64"[Lt690]
61.129.6.227 - - [28/May/2021:18:28:21 +0800] "GET http://www.hbszszj.com/index.php?m=content&c=index&a=show&catid=61&id=1 HTTP/1.1" 200 18214 "-" "Mozilla/5.0 (Windows NT 6.1; WOW64) AppleWebKit/537.36 (KHTML, like Gecko) Chrome/39.0.2171.95 Safari/537.36 MicroMessenger/6.5.2.501 NetType/WIFI WindowsWechat QBCore/3.43.27.400 QQBrowser/9.0.2524.400"[KLlt203]
61.151.178.163 - - [28/May/2021:18:28:24 +0800] "GET http://www.hbszszj.com/ HTTP/1.1" 200 16462 "-" "Mozilla/5.0 (iPhone; CPU iPhone OS 10_2_1 like Mac OS X) AppleWebKit/602.4.6 (KHTML, like Gecko) Mobile/14D27 MicroMessenger/6.5.5 NetType/WIFI Language/zh_CN"[KLlt101]
61.129.6.227 - - [28/May/2021:18:28:51 +0800] "GET http://www.hbszszj.com/js/jquery-1.8.3.min.js HTTP/1.1" 200 93682 "http://www.hbszszj.com/index.php?m=content&c=index&a=show&catid=61&id=1" "Mozilla/5.0 (Windows NT 6.1; WOW64) AppleWebKit/537.36 (KHTML, like Gecko) Chrome/39.0.2171.95 Safari/537.36 MicroMessenger/6.5.2.501 NetType/WIFI WindowsWechat QBCore/3.43.27.400 QQBrowser/9.0.2524.400"[Lt101]
61.151.178.163 - - [28/May/2021:18:28:54 +0800] "GET http://www.hbszszj.com/js/jquery-1.8.3.min.js HTTP/1.1" 200 93682 "http://www.hbszszj.com/" "Mozilla/5.0 (Linux; Android 4.4.4; HUAWEI ALE-CL00 Build/HuaweiALE-CL00; wv) AppleWebKit/537.36 (KHTML, like Gecko) Version/4.0 Chrome/53.0.2785.49 Mobile MQQBrowser/6.2 TBS/043024 Safari/537.36 MicroMessenger/6.5.4.1000 NetType/4G Language/zh_CN"[CLt101]
61.151.178.166 - - [28/May/2021:18:29:23 +0800] "GET http://www.hbszszj.com/index.php?m=content&c=index&a=show&catid=61&id=2 HTTP/1.1" 200 33541 "-" "Mozilla/5.0 (iPhone; CPU iPhone OS 10_2_1 like Mac OS X) AppleWebKit/602.4.6 (KHTML, like Gecko) Mobile/14D27 MicroMessenger/6.5.5 NetType/WIFI Language/zh_CN"[KLlt104]
101.89.239.120 - - [28/May/2021:18:29:37 +0800] "GET http://www.hbszszj.com/index.php?m=content&c=index&a=lists&catid=33 HTTP/1.1" 200 11773 "-" "Mozilla/5.0 (Linux; Android 4.4.4; Coolpad Y82-520 Build/KTU84P) AppleWebKit/537.36 (KHTML, like Gecko) Version/4.0 Chrome/33.0.0.0 Mobile Safari/537.36 MicroMessenger/6.5.4.1000 NetType/4G Language/zh_CN"[KLlt204]
61.151.178.166 - - [28/May/2021:18:30:00 +0800] "GET http://www.hbszszj.com/js/jquery-1.8.3.min.js HTTP/1.1" 200 93682 "http://www.hbszszj.com/index.php?m=content&c=index&a=show&catid=61&id=2" "Mozilla/5.0 (Linux; Android 6.0.1; OPPO R9s Build/MMB29M) AppleWebKit/537.36 (KHTML, like Gecko) Version/4.0 Chrome/37.0.0.0 Mobile MQQBrowser/6.9 TBS/036906 Safari/537.36 MicroMessenger/6.5.4.1000 NetType/4G Language/zh_CN"[CVLt101]
101.89.239.120 - - [28/May/2021:18:30:02 +0800] "GET http://www.hbszszj.com/js/jquery-1.8.3.min.js HTTP/1.1" 200 93682 "http://www.hbszszj.com/index.php?m=content&c=index&a=lists&catid=33" "Mozilla/5.0 (iPhone; CPU iPhone OS 10_2_1 like Mac OS X) AppleWebKit/602.4.6 (KHTML, like Gecko) Mobile/14D27 MicroMessenger/6.5.5 NetType/WIFI Language/zh_CN"[CLt125]
61.129.6.227 - - [28/May/2021:18:30:03 +0800] "GET http://www.hbszszj.com/js/js/swiper.min.js HTTP/1.1" 200 139048 "http://www.hbszszj.com/index.php?m=content&c=index&a=show&catid=61&id=1" "Mozilla/5.0 (Linux; Android 4.4.4; HUAWEI ALE-CL00 Build/HuaweiALE-CL00; wv) AppleWebKit/537.36 (KHTML, like Gecko) Version/4.0 Chrome/53.0.2785.49 Mobile MQQBrowser/6.2 TBS/043024 Safari/537.36 MicroMessenger/6.5.4.1000 NetType/4G Language/zh_CN"[Lt142]
61.151.178.163 - - [28/May/2021:18:30:07 +0800] "GET http://www.hbszszj.com/js/js/swiper.min.js HTTP/1.1" 200 139048 "http://www.hbszszj.com/" "Mozilla/5.0 (Linux; Android 6.0.1; OPPO R9s Build/MMB29M) AppleWebKit/537.36 (KHTML, like Gecko) Version/4.0 Chrome/37.0.0.0 Mobile MQQBrowser/6.9 TBS/036906 Safari/537.36 MicroMessenger/6.5.4.1000 NetType/4G Language/zh_CN"[CLt204]
61.151.207.141 - - [28/May/2021:18:30:09 +0800] "GET http://www.hbszszj.com/index.php?m=content&c=index&a=lists&catid=4 HTTP/1.1" 200 22166 "-" "Mozilla/5.0 (iPhone; CPU iPhone OS 10_2_1 like Mac OS X) AppleWebKit/602.4.6 (KHTML, like Gecko) Mobile/14D27 MicroMessenger/6.5.5 NetType/WIFI Language/zh_CN"[KLlt204]
61.151.207.141 - - [28/May/2021:18:30:39 +0800] "GET http://www.hbszszj.com/js/jquery-1.8.3.min.js HTTP/1.1" 200 93682 "http://www.hbszszj.com/index.php?m=content&c=index&a=lists&catid=4" "Mozilla/5.0 (Linux; Android 5.1.1; SM801 Build/LMY47V; wv) AppleWebKit/537.36 (KHTML, like Gecko) Version/4.0 Chrome/53.0.2785.49 Mobile MQQBrowser/6.2 TBS/043024 Safari/537.36 MicroMessenger/6.5.4.1000 NetType/4G Language/zh_CN"[CVLt101]
101.91.62.89 - - [28/May/2021:18:31:05 +0800] "GET http://www.hbszszj.com/index.php?m=content&c=index&a=lists&catid=39 HTTP/1.1" 200 12031 "-" "Mozilla/5.0 (iPhone; CPU iPhone OS 10_2_1 like Mac OS X) AppleWebKit/602.4.6 (KHTML, like Gecko) Mobile/14D27 MicroMessenger/6.5.5 NetType/WIFI Language/en"[KLlt202]
61.151.178.166 - - [28/May/2021:18:31:11 +0800] "GET http://www.hbszszj.com/js/js/swiper.min.js HTTP/1.1" 200 139048 "http://www.hbszszj.com/index.php?m=content&c=index&a=show&catid=61&id=2" "Mozilla/5.0 (iPhone; CPU iPhone OS 10_2_1 like Mac OS X) AppleWebKit/602.4.6 (KHTML, like Gecko) Mobile/14D27 MicroMessenger/6.5.5 NetType/WIFI Language/zh_CN"[CVLt102]
101.89.239.120 - - [28/May/2021:18:31:18 +0800] "GET http://www.hbszszj.com/js/js/swiper.min.js HTTP/1.1" 200 139048 "http://www.hbszszj.com/index.php?m=content&c=index&a=lists&catid=33" "Mozilla/5.0 (Linux; Android 5.1.1; SM801 Build/LMY47V; wv) AppleWebKit/537.36 (KHTML, like Gecko) Version/4.0 Chrome/53.0.2785.49 Mobile MQQBrowser/6.2 TBS/043024 Safari/537.36 MicroMessenger/6.5.4.1000 NetType/4G Language/zh_CN"[CLt303]
101.91.62.89 - - [28/May/2021:18:31:22 +0800] "GET http://www.hbszszj.com/js/jquery-1.8.3.min.js HTTP/1.1" 200 93682 "http://www.hbszszj.com/index.php?m=content&c=index&a=lists&catid=39" "Mozilla/5.0 (Linux; Android 4.4.4; Coolpad Y82-520 Build/KTU84P) AppleWebKit/537.36 (KHTML, like Gecko) Version/4.0 Chrome/33.0.0.0 Mobile Safari/537.36 MicroMessenger/6.5.4.1000 NetType/4G Language/zh_CN"[CVLt0]
61.151.178.163 - - [28/May/2021:18:31:35 +0800] "GET http://www.hbszszj.com/js/wow.min.js HTTP/1.1" 200 4777 "http://www.hbszszj.com/" "Mozilla/5.0 (Linux; Android 6.0.1; OPPO R9s Build/MMB29M) AppleWebKit/537.36 (KHTML, like Gecko) Version/4.0 Chrome/37.0.0.0 Mobile MQQBrowser/6.9 TBS/036906 Safari/537.36 MicroMessenger/6.5.4.1000 NetType/4G Language/zh_CN"[Lt0]
61.151.207.141 - - [28/May/2021:18:31:49 +0800] "GET http://www.hbszszj.com/js/js/swiper.min.js HTTP/1.1" 200 139048 "http://www.hbszszj.com/index.php?m=content&c=index&a=lists&catid=4" "Mozilla/5.0 (iPhone; CPU iPhone OS 10_2_1 like Mac OS X) AppleWebKit/602.4.6 (KHTML, like Gecko) Mobile/14D27 MicroMessenger/6.5.5 NetType/WIFI Language/zh_CN"[CVLt101]
101.91.62.89 - - [28/May/2021:18:32:30 +0800] "GET http://www.hbszszj.com/js/js/swiper.min.js HTTP/1.1" 200 139048 "http://www.hbszszj.com/index.php?m=content&c=index&a=lists&catid=39" "Mozilla/5.0 (Linux; Android 4.4.4; Coolpad Y82-520 Build/KTU84P) AppleWebKit/537.36 (KHTML, like Gecko) Version/4.0 Chrome/33.0.0.0 Mobile Safari/537.36 MicroMessenger/6.5.4.1000 NetType/4G Language/zh_CN"[CVLt100]
183.3.227.102 - - [28/May/2021:18:39:17 +0800] "GET http://www.hbszszj.com/ HTTP/1.1" 200 4474 "-" "Mozilla/5.0 (Linux; Android 10; RMX1901 Build/QKQ1.190918.001; wv) AppleWebKit/537.36 (KHTML, like Gecko) Version/4.0 Chrome/77.0.3865.120 MQQBrowser/6.2 TBS/045613 Mobile Safari/537.36 MMWEBID/8083 MicroMessenger/8.0.3.1880(0x2800033D) Process/tools WeChat/arm64 Weixin NetType/4G Language/zh_CN ABI/arm64"[Klt119]
112.96.68.223 - - [28/May/2021:18:39:17 +0800] "GET http://www.hbszszj.com/uploadfile/2021/0528/20210528032108410.jpg HTTP/1.1" 304 0 "http://www.hbszszj.com/" "Mozilla/5.0 (Linux; Android 10; RMX1901 Build/QKQ1.190918.001; wv) AppleWebKit/537.36 (KHTML, like Gecko) Version/4.0 Chrome/77.0.3865.120 MQQBrowser/6.2 TBS/045613 Mobile Safari/537.36 MMWEBID/8083 MicroMessenger/8.0.3.1880(0x2800033D) Process/tools WeChat/arm64 Weixin NetType/4G Language/zh_CN ABI/arm64"[Lt0]
112.96.68.223 - - [28/May/2021:18:39:17 +0800] "GET http://www.hbszszj.com/uploadfile/2020/1113/20201113045527120.jpg HTTP/1.1" 206 1 "http://www.hbszszj.com/" "Mozilla/5.0 (Linux; Android 10; RMX1901 Build/QKQ1.190918.001; wv) AppleWebKit/537.36 (KHTML, like Gecko) Version/4.0 Chrome/77.0.3865.120 MQQBrowser/6.2 TBS/045613 Mobile Safari/537.36 MMWEBID/8083 MicroMessenger/8.0.3.1880(0x2800033D) Process/tools WeChat/arm64 Weixin NetType/4G Language/zh_CN ABI/arm64"[Lt0]
112.96.68.223 - - [28/May/2021:18:39:18 +0800] "GET http://www.hbszszj.com/uploadfile/2020/1113/20201113045527120.jpg HTTP/1.1" 206 763384 "http://www.hbszszj.com/" "Mozilla/5.0 (Linux; Android 10; RMX1901 Build/QKQ1.190918.001; wv) AppleWebKit/537.36 (KHTML, like Gecko) Version/4.0 Chrome/77.0.3865.120 MQQBrowser/6.2 TBS/045613 Mobile Safari/537.36 MMWEBID/8083 MicroMessenger/8.0.3.1880(0x2800033D) Process/tools WeChat/arm64 Weixin NetType/4G Language/zh_CN ABI/arm64"[Lt406]
111.60.234.101 - - [28/May/2021:18:39:47 +0800] "GET http://www.hbszszj.com/ HTTP/1.1" 200 4474 "-" "Mozilla/5.0 (Linux; U; Android 8.1.0; zh-CN; PBAM00 Build/OPM1.171019.026) AppleWebKit/537.36 (KHTML, like Gecko) Version/4.0 Chrome/69.0.3497.100 UWS/3.22.0.36 Mobile Safari/537.36 AliApp(DingTalk/6.0.15) com.alibaba.android.rimet/14856462 Channel/263200 language/zh-CN UT4Aplus/0.2.25 colorScheme/light"[KLlt102]
112.96.68.223 - - [28/May/2021:18:39:48 +0800] "GET http://www.hbszszj.com/ HTTP/1.1" 200 4474 "-" "Mozilla/5.0 (Linux; U; Android 10; zh-cn; RMX1901 Build/QKQ1.190918.001) AppleWebKit/537.36 (KHTML, like Gecko) Version/4.0 Chrome/70.0.3538.80 Mobile Safari/537.36 HeyTapBrowser/40.7.22.1"[KLlt117]
112.96.68.223 - - [28/May/2021:18:39:48 +0800] "GET http://www.hbszszj.com/css/index.css HTTP/1.1" 200 11822 "http://www.hbszszj.com/" "Mozilla/5.0 (Linux; U; Android 10; zh-cn; RMX1901 Build/QKQ1.190918.001) AppleWebKit/537.36 (KHTML, like Gecko) Version/4.0 Chrome/70.0.3538.80 Mobile Safari/537.36 HeyTapBrowser/40.7.22.1"[Lt25]
112.96.68.223 - - [28/May/2021:18:39:48 +0800] "GET http://www.hbszszj.com/js/js/swiper.min.css HTTP/1.1" 200 13666 "http://www.hbszszj.com/" "Mozilla/5.0 (Linux; U; Android 10; zh-cn; RMX1901 Build/QKQ1.190918.001) AppleWebKit/537.36 (KHTML, like Gecko) Version/4.0 Chrome/70.0.3538.80 Mobile Safari/537.36 HeyTapBrowser/40.7.22.1"[Lt0]
112.96.68.223 - - [28/May/2021:18:39:48 +0800] "GET http://www.hbszszj.com/css/commonss.css HTTP/1.1" 200 1790 "http://www.hbszszj.com/" "Mozilla/5.0 (Linux; U; Android 10; zh-cn; RMX1901 Build/QKQ1.190918.001) AppleWebKit/537.36 (KHTML, like Gecko) Version/4.0 Chrome/70.0.3538.80 Mobile Safari/537.36 HeyTapBrowser/40.7.22.1"[Lt15]
112.96.68.223 - - [28/May/2021:18:39:48 +0800] "GET http://www.hbszszj.com/css/media.css HTTP/1.1" 200 11158 "http://www.hbszszj.com/" "Mozilla/5.0 (Linux; U; Android 10; zh-cn; RMX1901 Build/QKQ1.190918.001) AppleWebKit/537.36 (KHTML, like Gecko) Version/4.0 Chrome/70.0.3538.80 Mobile Safari/537.36 HeyTapBrowser/40.7.22.1"[Lt18]
112.96.68.223 - - [28/May/2021:18:39:49 +0800] "GET http://www.hbszszj.com/js/jquery-1.8.3.min.js HTTP/1.1" 200 33806 "http://www.hbszszj.com/" "Mozilla/5.0 (Linux; U; Android 10; zh-cn; RMX1901 Build/QKQ1.190918.001) AppleWebKit/537.36 (KHTML, like Gecko) Version/4.0 Chrome/70.0.3538.80 Mobile Safari/537.36 HeyTapBrowser/40.7.22.1"[ZKLt72]
112.96.68.223 - - [28/May/2021:18:39:49 +0800] "GET http://www.hbszszj.com/js/js/swiper.min.js HTTP/1.1" 200 35944 "http://www.hbszszj.com/" "Mozilla/5.0 (Linux; U; Android 10; zh-cn; RMX1901 Build/QKQ1.190918.001) AppleWebKit/537.36 (KHTML, like Gecko) Version/4.0 Chrome/70.0.3538.80 Mobile Safari/537.36 HeyTapBrowser/40.7.22.1"[ZKLt74]
112.96.68.223 - - [28/May/2021:18:39:49 +0800] "GET http://www.hbszszj.com/uploadfile/2020/1105/20201105051736321.jpg HTTP/1.1" 200 49054 "http://www.hbszszj.com/" "Mozilla/5.0 (Linux; U; Android 10; zh-cn; RMX1901 Build/QKQ1.190918.001) AppleWebKit/537.36 (KHTML, like Gecko) Version/4.0 Chrome/70.0.3538.80 Mobile Safari/537.36 HeyTapBrowser/40.7.22.1"[Lt42]
112.96.68.223 - - [28/May/2021:18:39:49 +0800] "GET http://www.hbszszj.com/images/ss_05.png HTTP/1.1" 200 536 "http://www.hbszszj.com/css/index.css" "Mozilla/5.0 (Linux; U; Android 10; zh-cn; RMX1901 Build/QKQ1.190918.001) AppleWebKit/537.36 (KHTML, like Gecko) Version/4.0 Chrome/70.0.3538.80 Mobile Safari/537.36 HeyTapBrowser/40.7.22.1"[Lt2]
112.96.68.223 - - [28/May/2021:18:39:49 +0800] "GET http://www.hbszszj.com/images/hcai_03.png HTTP/1.1" 200 1229 "http://www.hbszszj.com/" "Mozilla/5.0 (Linux; U; Android 10; zh-cn; RMX1901 Build/QKQ1.190918.001) AppleWebKit/537.36 (KHTML, like Gecko) Version/4.0 Chrome/70.0.3538.80 Mobile Safari/537.36 HeyTapBrowser/40.7.22.1"[Lt0]
112.96.68.223 - - [28/May/2021:18:39:49 +0800] "GET http://www.hbszszj.com/images/s1.png HTTP/1.1" 200 1046 "http://www.hbszszj.com/" "Mozilla/5.0 (Linux; U; Android 10; zh-cn; RMX1901 Build/QKQ1.190918.001) AppleWebKit/537.36 (KHTML, like Gecko) Version/4.0 Chrome/70.0.3538.80 Mobile Safari/537.36 HeyTapBrowser/40.7.22.1"[Lt0]
112.96.68.223 - - [28/May/2021:18:39:49 +0800] "GET http://www.hbszszj.com/images/s2.png HTTP/1.1" 200 3366 "http://www.hbszszj.com/" "Mozilla/5.0 (Linux; U; Android 10; zh-cn; RMX1901 Build/QKQ1.190918.001) AppleWebKit/537.36 (KHTML, like Gecko) Version/4.0 Chrome/70.0.3538.80 Mobile Safari/537.36 HeyTapBrowser/40.7.22.1"[Lt0]
112.96.68.223 - - [28/May/2021:18:39:49 +0800] "GET http://www.hbszszj.com/images/s6.png HTTP/1.1" 200 1056 "http://www.hbszszj.com/" "Mozilla/5.0 (Linux; U; Android 10; zh-cn; RMX1901 Build/QKQ1.190918.001) AppleWebKit/537.36 (KHTML, like Gecko) Version/4.0 Chrome/70.0.3538.80 Mobile Safari/537.36 HeyTapBrowser/40.7.22.1"[Lt1]
112.96.68.223 - - [28/May/2021:18:39:49 +0800] "GET http://www.hbszszj.com/images/sj_18.jpg HTTP/1.1" 200 1463 "http://www.hbszszj.com/" "Mozilla/5.0 (Linux; U; Android 10; zh-cn; RMX1901 Build/QKQ1.190918.001) AppleWebKit/537.36 (KHTML, like Gecko) Version/4.0 Chrome/70.0.3538.80 Mobile Safari/537.36 HeyTapBrowser/40.7.22.1"[Lt1]
112.96.68.223 - - [28/May/2021:18:39:49 +0800] "GET http://www.hbszszj.com/js/wow.min.js HTTP/1.1" 200 1722 "http://www.hbszszj.com/" "Mozilla/5.0 (Linux; U; Android 10; zh-cn; RMX1901 Build/QKQ1.190918.001) AppleWebKit/537.36 (KHTML, like Gecko) Version/4.0 Chrome/70.0.3538.80 Mobile Safari/537.36 HeyTapBrowser/40.7.22.1"[ZKLt9]
112.96.68.223 - - [28/May/2021:18:39:49 +0800] "GET http://www.hbszszj.com/uploadfile/2021/0528/20210528032108410.jpg HTTP/1.1" 200 46551 "http://www.hbszszj.com/" "Mozilla/5.0 (Linux; U; Android 10; zh-cn; RMX1901 Build/QKQ1.190918.001) AppleWebKit/537.36 (KHTML, like Gecko) Version/4.0 Chrome/70.0.3538.80 Mobile Safari/537.36 HeyTapBrowser/40.7.22.1"[Lt156]
112.96.68.223 - - [28/May/2021:18:39:49 +0800] "GET http://www.hbszszj.com/uploadfile/2020/1116/20201116095916413.jpg HTTP/1.1" 200 269378 "http://www.hbszszj.com/" "Mozilla/5.0 (Linux; U; Android 10; zh-cn; RMX1901 Build/QKQ1.190918.001) AppleWebKit/537.36 (KHTML, like Gecko) Version/4.0 Chrome/70.0.3538.80 Mobile Safari/537.36 HeyTapBrowser/40.7.22.1"[Lt280]
112.96.68.223 - - [28/May/2021:18:39:49 +0800] "GET http://www.hbszszj.com/images/zj_06.png HTTP/1.1" 200 1216 "http://www.hbszszj.com/" "Mozilla/5.0 (Linux; U; Android 10; zh-cn; RMX1901 Build/QKQ1.190918.001) AppleWebKit/537.36 (KHTML, like Gecko) Version/4.0 Chrome/70.0.3538.80 Mobile Safari/537.36 HeyTapBrowser/40.7.22.1"[Lt0]
112.96.68.223 - - [28/May/2021:18:39:49 +0800] "GET http://www.hbszszj.com/uploadfile/2021/0527/20210527094018753.jpg HTTP/1.1" 200 53089 "http://www.hbszszj.com/" "Mozilla/5.0 (Linux; U; Android 10; zh-cn; RMX1901 Build/QKQ1.190918.001) AppleWebKit/537.36 (KHTML, like Gecko) Version/4.0 Chrome/70.0.3538.80 Mobile Safari/537.36 HeyTapBrowser/40.7.22.1"[Lt530]
112.96.68.223 - - [28/May/2021:18:39:50 +0800] "GET http://www.hbszszj.com/css/animate.min.css HTTP/1.1" 200 78544 "http://www.hbszszj.com/" "Mozilla/5.0 (Linux; U; Android 10; zh-cn; RMX1901 Build/QKQ1.190918.001) AppleWebKit/537.36 (KHTML, like Gecko) Version/4.0 Chrome/70.0.3538.80 Mobile Safari/537.36 HeyTapBrowser/40.7.22.1"[Lt1210]
112.96.68.223 - - [28/May/2021:18:39:50 +0800] "GET http://www.hbszszj.com/uploadfile/2020/1122/20201122063332373.jpg HTTP/1.1" 200 257764 "http://www.hbszszj.com/" "Mozilla/5.0 (Linux; U; Android 10; zh-cn; RMX1901 Build/QKQ1.190918.001) AppleWebKit/537.36 (KHTML, like Gecko) Version/4.0 Chrome/70.0.3538.80 Mobile Safari/537.36 HeyTapBrowser/40.7.22.1"[Lt1287]
112.96.68.223 - - [28/May/2021:18:39:50 +0800] "GET http://www.hbszszj.com/uploadfile/2021/0526/20210526093544155.jpg HTTP/1.1" 200 708044 "http://www.hbszszj.com/" "Mozilla/5.0 (Linux; U; Android 10; zh-cn; RMX1901 Build/QKQ1.190918.001) AppleWebKit/537.36 (KHTML, like Gecko) Version/4.0 Chrome/70.0.3538.80 Mobile Safari/537.36 HeyTapBrowser/40.7.22.1"[Lt1402]
112.96.68.223 - - [28/May/2021:18:39:51 +0800] "GET http://www.hbszszj.com/images/bz_21.png HTTP/1.1" 200 2176 "http://www.hbszszj.com/" "Mozilla/5.0 (Linux; U; Android 10; zh-cn; RMX1901 Build/QKQ1.190918.001) AppleWebKit/537.36 (KHTML, like Gecko) Version/4.0 Chrome/70.0.3538.80 Mobile Safari/537.36 HeyTapBrowser/40.7.22.1"[Lt1]
112.96.68.223 - - [28/May/2021:18:39:51 +0800] "GET http://www.hbszszj.com/images/by.png HTTP/1.1" 200 2087 "http://www.hbszszj.com/" "Mozilla/5.0 (Linux; U; Android 10; zh-cn; RMX1901 Build/QKQ1.190918.001) AppleWebKit/537.36 (KHTML, like Gecko) Version/4.0 Chrome/70.0.3538.80 Mobile Safari/537.36 HeyTapBrowser/40.7.22.1"[Lt2]
112.96.68.223 - - [28/May/2021:18:39:51 +0800] "GET http://www.hbszszj.com/images/f_34.png HTTP/1.1" 200 687 "http://www.hbszszj.com/" "Mozilla/5.0 (Linux; U; Android 10; zh-cn; RMX1901 Build/QKQ1.190918.001) AppleWebKit/537.36 (KHTML, like Gecko) Version/4.0 Chrome/70.0.3538.80 Mobile Safari/537.36 HeyTapBrowser/40.7.22.1"[Lt10]
112.96.68.223 - - [28/May/2021:18:39:51 +0800] "GET http://www.hbszszj.com/images/f_27.png HTTP/1.1" 200 529 "http://www.hbszszj.com/" "Mozilla/5.0 (Linux; U; Android 10; zh-cn; RMX1901 Build/QKQ1.190918.001) AppleWebKit/537.36 (KHTML, like Gecko) Version/4.0 Chrome/70.0.3538.80 Mobile Safari/537.36 HeyTapBrowser/40.7.22.1"[Lt1]
112.96.68.223 - - [28/May/2021:18:39:51 +0800] "GET http://www.hbszszj.com/images/f_32.png HTTP/1.1" 200 487 "http://www.hbszszj.com/" "Mozilla/5.0 (Linux; U; Android 10; zh-cn; RMX1901 Build/QKQ1.190918.001) AppleWebKit/537.36 (KHTML, like Gecko) Version/4.0 Chrome/70.0.3538.80 Mobile Safari/537.36 HeyTapBrowser/40.7.22.1"[Lt2]
112.96.68.223 - - [28/May/2021:18:39:51 +0800] "GET http://www.hbszszj.com/images/f_30.png HTTP/1.1" 200 517 "http://www.hbszszj.com/" "Mozilla/5.0 (Linux; U; Android 10; zh-cn; RMX1901 Build/QKQ1.190918.001) AppleWebKit/537.36 (KHTML, like Gecko) Version/4.0 Chrome/70.0.3538.80 Mobile Safari/537.36 HeyTapBrowser/40.7.22.1"[Lt3]
112.96.68.223 - - [28/May/2021:18:39:52 +0800] "GET http://www.hbszszj.com/uploadfile/2020/1107/20201107043259941.png HTTP/1.1" 200 183799 "http://www.hbszszj.com/" "Mozilla/5.0 (Linux; U; Android 10; zh-cn; RMX1901 Build/QKQ1.190918.001) AppleWebKit/537.36 (KHTML, like Gecko) Version/4.0 Chrome/70.0.3538.80 Mobile Safari/537.36 HeyTapBrowser/40.7.22.1"[Lt1008]
112.96.68.223 - - [28/May/2021:18:39:52 +0800] "GET http://www.hbszszj.com/images/bk_02.png HTTP/1.1" 200 297430 "http://www.hbszszj.com/css/index.css" "Mozilla/5.0 (Linux; U; Android 10; zh-cn; RMX1901 Build/QKQ1.190918.001) AppleWebKit/537.36 (KHTML, like Gecko) Version/4.0 Chrome/70.0.3538.80 Mobile Safari/537.36 HeyTapBrowser/40.7.22.1"[Lt1107]
112.96.68.223 - - [28/May/2021:18:39:53 +0800] "GET http://www.hbszszj.com/uploadfile/2020/1113/20201113042258843.jpg HTTP/1.1" 200 350603 "http://www.hbszszj.com/" "Mozilla/5.0 (Linux; U; Android 10; zh-cn; RMX1901 Build/QKQ1.190918.001) AppleWebKit/537.36 (KHTML, like Gecko) Version/4.0 Chrome/70.0.3538.80 Mobile Safari/537.36 HeyTapBrowser/40.7.22.1"[Lt4240]
111.60.234.101 - - [28/May/2021:18:39:57 +0800] "GET http://www.hbszszj.com/uploadfile/2020/1105/20201105051736321.jpg HTTP/1.1" 304 0 "http://www.hbszszj.com/" "Mozilla/5.0 (Linux; U; Android 8.1.0; zh-CN; PBAM00 Build/OPM1.171019.026) AppleWebKit/537.36 (KHTML, like Gecko) Version/4.0 Chrome/69.0.3497.100 UWS/3.22.0.36 Mobile Safari/537.36 AliApp(DingTalk/6.0.15) com.alibaba.android.rimet/14856462 Channel/263200 language/zh-CN UT4Aplus/0.2.25 colorScheme/light"[CLt0]
111.60.234.101 - - [28/May/2021:18:39:58 +0800] "GET http://www.hbszszj.com/uploadfile/2020/1122/20201122063332373.jpg HTTP/1.1" 304 0 "http://www.hbszszj.com/" "Mozilla/5.0 (Linux; U; Android 8.1.0; zh-CN; PBAM00 Build/OPM1.171019.026) AppleWebKit/537.36 (KHTML, like Gecko) Version/4.0 Chrome/69.0.3497.100 UWS/3.22.0.36 Mobile Safari/537.36 AliApp(DingTalk/6.0.15) com.alibaba.android.rimet/14856462 Channel/263200 language/zh-CN UT4Aplus/0.2.25 colorScheme/light"[CLt0]
111.60.234.101 - - [28/May/2021:18:39:58 +0800] "GET http://www.hbszszj.com/uploadfile/2020/1113/20201113044007261.jpg HTTP/1.1" 206 1 "http://www.hbszszj.com/" "Mozilla/5.0 (Linux; U; Android 8.1.0; zh-CN; PBAM00 Build/OPM1.171019.026) AppleWebKit/537.36 (KHTML, like Gecko) Version/4.0 Chrome/69.0.3497.100 UWS/3.22.0.36 Mobile Safari/537.36 AliApp(DingTalk/6.0.15) com.alibaba.android.rimet/14856462 Channel/263200 language/zh-CN UT4Aplus/0.2.25 colorScheme/light"[Lt0]
111.60.234.101 - - [28/May/2021:18:39:58 +0800] "GET http://www.hbszszj.com/uploadfile/2020/1116/20201116095916413.jpg HTTP/1.1" 304 0 "http://www.hbszszj.com/" "Mozilla/5.0 (Linux; U; Android 8.1.0; zh-CN; PBAM00 Build/OPM1.171019.026) AppleWebKit/537.36 (KHTML, like Gecko) Version/4.0 Chrome/69.0.3497.100 UWS/3.22.0.36 Mobile Safari/537.36 AliApp(DingTalk/6.0.15) com.alibaba.android.rimet/14856462 Channel/263200 language/zh-CN UT4Aplus/0.2.25 colorScheme/light"[CLt0]
111.60.234.101 - - [28/May/2021:18:39:58 +0800] "GET http://www.hbszszj.com/uploadfile/2020/1107/20201107043259941.png HTTP/1.1" 304 0 "http://www.hbszszj.com/" "Mozilla/5.0 (Linux; U; Android 8.1.0; zh-CN; PBAM00 Build/OPM1.171019.026) AppleWebKit/537.36 (KHTML, like Gecko) Version/4.0 Chrome/69.0.3497.100 UWS/3.22.0.36 Mobile Safari/537.36 AliApp(DingTalk/6.0.15) com.alibaba.android.rimet/14856462 Channel/263200 language/zh-CN UT4Aplus/0.2.25 colorScheme/light"[CLt0]
111.60.234.101 - - [28/May/2021:18:39:58 +0800] "GET http://www.hbszszj.com/uploadfile/2020/1113/20201113042258843.jpg HTTP/1.1" 304 0 "http://www.hbszszj.com/" "Mozilla/5.0 (Linux; U; Android 8.1.0; zh-CN; PBAM00 Build/OPM1.171019.026) AppleWebKit/537.36 (KHTML, like Gecko) Version/4.0 Chrome/69.0.3497.100 UWS/3.22.0.36 Mobile Safari/537.36 AliApp(DingTalk/6.0.15) com.alibaba.android.rimet/14856462 Channel/263200 language/zh-CN UT4Aplus/0.2.25 colorScheme/light"[CLt0]
112.96.68.223 - - [28/May/2021:18:39:58 +0800] "GET http://www.hbszszj.com/index.php?m=content&c=index&a=lists&catid=33 HTTP/1.1" 200 3104 "http://www.hbszszj.com/" "Mozilla/5.0 (Linux; U; Android 10; zh-cn; RMX1901 Build/QKQ1.190918.001) AppleWebKit/537.36 (KHTML, like Gecko) Version/4.0 Chrome/70.0.3538.80 Mobile Safari/537.36 HeyTapBrowser/40.7.22.1"[KLlt115]
112.96.68.223 - - [28/May/2021:18:39:58 +0800] "GET http://www.hbszszj.com/uploadfile/2021/0421/20210421092303422.jpg HTTP/1.1" 200 34802 "http://www.hbszszj.com/index.php?m=content&c=index&a=lists&catid=33" "Mozilla/5.0 (Linux; U; Android 10; zh-cn; RMX1901 Build/QKQ1.190918.001) AppleWebKit/537.36 (KHTML, like Gecko) Version/4.0 Chrome/70.0.3538.80 Mobile Safari/537.36 HeyTapBrowser/40.7.22.1"[Lt0]
112.96.68.223 - - [28/May/2021:18:39:59 +0800] "GET http://www.hbszszj.com/images/xj_06.png HTTP/1.1" 200 691 "http://www.hbszszj.com/index.php?m=content&c=index&a=lists&catid=33" "Mozilla/5.0 (Linux; U; Android 10; zh-cn; RMX1901 Build/QKQ1.190918.001) AppleWebKit/537.36 (KHTML, like Gecko) Version/4.0 Chrome/70.0.3538.80 Mobile Safari/537.36 HeyTapBrowser/40.7.22.1"[Lt684]
112.96.68.223 - - [28/May/2021:18:39:59 +0800] "GET http://www.hbszszj.com/favicon.ico HTTP/1.1" 200 4286 "http://www.hbszszj.com/index.php?m=content&c=index&a=lists&catid=33" "Mozilla/5.0 (Linux; U; Android 10; zh-cn; RMX1901 Build/QKQ1.190918.001) AppleWebKit/537.36 (KHTML, like Gecko) Version/4.0 Chrome/70.0.3538.80 Mobile Safari/537.36 HeyTapBrowser/40.7.22.1"[Lt11]
112.96.68.223 - - [28/May/2021:18:40:01 +0800] "GET http://www.hbszszj.com/index.php?m=content&c=index&a=show&catid=33&id=315 HTTP/1.1" 200 4465 "http://www.hbszszj.com/index.php?m=content&c=index&a=lists&catid=33" "Mozilla/5.0 (Linux; U; Android 10; zh-cn; RMX1901 Build/QKQ1.190918.001) AppleWebKit/537.36 (KHTML, like Gecko) Version/4.0 Chrome/70.0.3538.80 Mobile Safari/537.36 HeyTapBrowser/40.7.22.1"[KLlt102]
112.96.68.223 - - [28/May/2021:18:40:01 +0800] "GET http://www.hbszszj.com/uploadfile/2021/0421/20210421093607661.jpg HTTP/1.1" 200 18322 "http://www.hbszszj.com/index.php?m=content&c=index&a=show&catid=33&id=315" "Mozilla/5.0 (Linux; U; Android 10; zh-cn; RMX1901 Build/QKQ1.190918.001) AppleWebKit/537.36 (KHTML, like Gecko) Version/4.0 Chrome/70.0.3538.80 Mobile Safari/537.36 HeyTapBrowser/40.7.22.1"[Lt0]
112.96.68.223 - - [28/May/2021:18:40:01 +0800] "GET http://www.hbszszj.com/uploadfile/2021/0421/20210421093618304.jpg HTTP/1.1" 200 15837 "http://www.hbszszj.com/index.php?m=content&c=index&a=show&catid=33&id=315" "Mozilla/5.0 (Linux; U; Android 10; zh-cn; RMX1901 Build/QKQ1.190918.001) AppleWebKit/537.36 (KHTML, like Gecko) Version/4.0 Chrome/70.0.3538.80 Mobile Safari/537.36 HeyTapBrowser/40.7.22.1"[Lt0]
111.60.234.101 - - [28/May/2021:18:40:02 +0800] "GET http://www.hbszszj.com/uploadfile/2021/0527/20210527094018753.jpg HTTP/1.1" 200 53089 "http://www.hbszszj.com/" "Mozilla/5.0 (Linux; U; Android 8.1.0; zh-CN; PBAM00 Build/OPM1.171019.026) AppleWebKit/537.36 (KHTML, like Gecko) Version/4.0 Chrome/69.0.3497.100 UWS/3.22.0.36 Mobile Safari/537.36 AliApp(DingTalk/6.0.15) com.alibaba.android.rimet/14856462 Channel/263200 language/zh-CN UT4Aplus/0.2.25 colorScheme/light"[CVLt3923]
111.60.234.101 - - [28/May/2021:18:40:03 +0800] "GET http://www.hbszszj.com/uploadfile/2021/0528/20210528032108410.jpg HTTP/1.1" 200 46551 "http://www.hbszszj.com/" "Mozilla/5.0 (Linux; U; Android 8.1.0; zh-CN; PBAM00 Build/OPM1.171019.026) AppleWebKit/537.36 (KHTML, like Gecko) Version/4.0 Chrome/69.0.3497.100 UWS/3.22.0.36 Mobile Safari/537.36 AliApp(DingTalk/6.0.15) com.alibaba.android.rimet/14856462 Channel/263200 language/zh-CN UT4Aplus/0.2.25 colorScheme/light"[CVLt4024]
112.96.68.223 - - [28/May/2021:18:40:03 +0800] "GET http://www.hbszszj.com/uploadfile/2020/1113/20201113044007261.jpg HTTP/1.1" 200 2790863 "http://www.hbszszj.com/" "Mozilla/5.0 (Linux; U; Android 10; zh-cn; RMX1901 Build/QKQ1.190918.001) AppleWebKit/537.36 (KHTML, like Gecko) Version/4.0 Chrome/70.0.3538.80 Mobile Safari/537.36 HeyTapBrowser/40.7.22.1"[Lt12600]
112.96.68.223 - - [28/May/2021:18:40:05 +0800] "GET http://www.hbszszj.com/uploadfile/2020/1113/20201113045527120.jpg HTTP/1.1" 200 2701632 "http://www.hbszszj.com/" "Mozilla/5.0 (Linux; U; Android 10; zh-cn; RMX1901 Build/QKQ1.190918.001) AppleWebKit/537.36 (KHTML, like Gecko) Version/4.0 Chrome/70.0.3538.80 Mobile Safari/537.36 HeyTapBrowser/40.7.22.1"[Lt15076]
112.96.68.223 - - [28/May/2021:18:40:19 +0800] "GET http://www.hbszszj.com/index.php?m=content&c=index&a=lists&catid=22 HTTP/1.1" 200 3769 "http://www.hbszszj.com/" "Mozilla/5.0 (Linux; U; Android 10; zh-cn; RMX1901 Build/QKQ1.190918.001) AppleWebKit/537.36 (KHTML, like Gecko) Version/4.0 Chrome/70.0.3538.80 Mobile Safari/537.36 HeyTapBrowser/40.7.22.1"[KLlt101]
112.96.68.223 - - [28/May/2021:18:40:19 +0800] "GET http://www.hbszszj.com/uploadfile/2020/1226/20201226100058885.jpg HTTP/1.1" 200 85215 "http://www.hbszszj.com/index.php?m=content&c=index&a=lists&catid=22" "Mozilla/5.0 (Linux; U; Android 10; zh-cn; RMX1901 Build/QKQ1.190918.001) AppleWebKit/537.36 (KHTML, like Gecko) Version/4.0 Chrome/70.0.3538.80 Mobile Safari/537.36 HeyTapBrowser/40.7.22.1"[Lt16]
112.96.68.223 - - [28/May/2021:18:40:19 +0800] "GET http://www.hbszszj.com/uploadfile/2021/0506/20210506045354899.png HTTP/1.1" 200 21391 "http://www.hbszszj.com/index.php?m=content&c=index&a=lists&catid=22" "Mozilla/5.0 (Linux; U; Android 10; zh-cn; RMX1901 Build/QKQ1.190918.001) AppleWebKit/537.36 (KHTML, like Gecko) Version/4.0 Chrome/70.0.3538.80 Mobile Safari/537.36 HeyTapBrowser/40.7.22.1"[Lt105]
112.96.68.223 - - [28/May/2021:18:40:20 +0800] "GET http://www.hbszszj.com/uploadfile/2020/1125/20201125061934345.jpg HTTP/1.1" 200 160428 "http://www.hbszszj.com/index.php?m=content&c=index&a=lists&catid=22" "Mozilla/5.0 (Linux; U; Android 10; zh-cn; RMX1901 Build/QKQ1.190918.001) AppleWebKit/537.36 (KHTML, like Gecko) Version/4.0 Chrome/70.0.3538.80 Mobile Safari/537.36 HeyTapBrowser/40.7.22.1"[Lt828]
112.96.68.223 - - [28/May/2021:18:40:20 +0800] "GET http://www.hbszszj.com/uploadfile/2020/1201/20201201045204434.jpg HTTP/1.1" 200 231784 "http://www.hbszszj.com/index.php?m=content&c=index&a=lists&catid=22" "Mozilla/5.0 (Linux; U; Android 10; zh-cn; RMX1901 Build/QKQ1.190918.001) AppleWebKit/537.36 (KHTML, like Gecko) Version/4.0 Chrome/70.0.3538.80 Mobile Safari/537.36 HeyTapBrowser/40.7.22.1"[Lt1232]
112.96.68.223 - - [28/May/2021:18:40:22 +0800] "GET http://www.hbszszj.com/index.php?m=content&c=index&a=show&catid=22&id=321 HTTP/1.1" 200 10231 "http://www.hbszszj.com/index.php?m=content&c=index&a=lists&catid=22" "Mozilla/5.0 (Linux; U; Android 10; zh-cn; RMX1901 Build/QKQ1.190918.001) AppleWebKit/537.36 (KHTML, like Gecko) Version/4.0 Chrome/70.0.3538.80 Mobile Safari/537.36 HeyTapBrowser/40.7.22.1"[KLlt102]
112.96.68.223 - - [28/May/2021:18:40:22 +0800] "GET http://www.hbszszj.com/uploadfile/2021/0506/20210506045440194.gif HTTP/1.1" 200 1005 "http://www.hbszszj.com/index.php?m=content&c=index&a=show&catid=22&id=321" "Mozilla/5.0 (Linux; U; Android 10; zh-cn; RMX1901 Build/QKQ1.190918.001) AppleWebKit/537.36 (KHTML, like Gecko) Version/4.0 Chrome/70.0.3538.80 Mobile Safari/537.36 HeyTapBrowser/40.7.22.1"[Lt0]
111.60.234.101 - - [28/May/2021:18:40:27 +0800] "GET http://www.hbszszj.com/uploadfile/2021/0526/20210526093544155.jpg HTTP/1.1" 200 372945 "http://www.hbszszj.com/" "Mozilla/5.0 (Linux; U; Android 8.1.0; zh-CN; PBAM00 Build/OPM1.171019.026) AppleWebKit/537.36 (KHTML, like Gecko) Version/4.0 Chrome/69.0.3497.100 UWS/3.22.0.36 Mobile Safari/537.36 AliApp(DingTalk/6.0.15) com.alibaba.android.rimet/14856462 Channel/263200 language/zh-CN UT4Aplus/0.2.25 colorScheme/light"[CLt28147]
111.60.234.101 - - [28/May/2021:18:40:27 +0800] "GET http://www.hbszszj.com/uploadfile/2020/1113/20201113044007261.jpg HTTP/1.1" 206 149016 "http://www.hbszszj.com/" "Mozilla/5.0 (Linux; U; Android 8.1.0; zh-CN; PBAM00 Build/OPM1.171019.026) AppleWebKit/537.36 (KHTML, like Gecko) Version/4.0 Chrome/69.0.3497.100 UWS/3.22.0.36 Mobile Safari/537.36 AliApp(DingTalk/6.0.15) com.alibaba.android.rimet/14856462 Channel/263200 language/zh-CN UT4Aplus/0.2.25 colorScheme/light"[Lt18035]
111.60.234.101 - - [28/May/2021:18:40:27 +0800] "GET http://www.hbszszj.com/uploadfile/2020/1113/20201113045527120.jpg HTTP/1.1" 200 474320 "http://www.hbszszj.com/" "Mozilla/5.0 (Linux; U; Android 8.1.0; zh-CN; PBAM00 Build/OPM1.171019.026) AppleWebKit/537.36 (KHTML, like Gecko) Version/4.0 Chrome/69.0.3497.100 UWS/3.22.0.36 Mobile Safari/537.36 AliApp(DingTalk/6.0.15) com.alibaba.android.rimet/14856462 Channel/263200 language/zh-CN UT4Aplus/0.2.25 colorScheme/light"[Lt26299]
111.60.234.101 - - [28/May/2021:18:40:36 +0800] "GET http://www.hbszszj.com/ HTTP/1.1" 200 4474 "-" "Mozilla/5.0 (Linux; U; Android 8.1.0; zh-CN; PBAM00 Build/OPM1.171019.026) AppleWebKit/537.36 (KHTML, like Gecko) Version/4.0 Chrome/69.0.3497.100 UWS/3.22.0.36 Mobile Safari/537.36 AliApp(DingTalk/6.0.15) com.alibaba.android.rimet/14856462 Channel/263200 language/zh-CN UT4Aplus/0.2.25 colorScheme/light"[KLlt204]
111.60.234.101 - - [28/May/2021:18:40:37 +0800] "GET http://www.hbszszj.com/uploadfile/2021/0526/20210526093544155.jpg HTTP/1.1" 206 1 "http://www.hbszszj.com/" "Mozilla/5.0 (Linux; U; Android 8.1.0; zh-CN; PBAM00 Build/OPM1.171019.026) AppleWebKit/537.36 (KHTML, like Gecko) Version/4.0 Chrome/69.0.3497.100 UWS/3.22.0.36 Mobile Safari/537.36 AliApp(DingTalk/6.0.15) com.alibaba.android.rimet/14856462 Channel/263200 language/zh-CN UT4Aplus/0.2.25 colorScheme/light"[Lt0]
111.60.234.101 - - [28/May/2021:18:40:37 +0800] "GET http://www.hbszszj.com/uploadfile/2020/1113/20201113045527120.jpg HTTP/1.1" 206 1 "http://www.hbszszj.com/" "Mozilla/5.0 (Linux; U; Android 8.1.0; zh-CN; PBAM00 Build/OPM1.171019.026) AppleWebKit/537.36 (KHTML, like Gecko) Version/4.0 Chrome/69.0.3497.100 UWS/3.22.0.36 Mobile Safari/537.36 AliApp(DingTalk/6.0.15) com.alibaba.android.rimet/14856462 Channel/263200 language/zh-CN UT4Aplus/0.2.25 colorScheme/light"[Lt13]
111.60.234.101 - - [28/May/2021:18:40:37 +0800] "GET http://www.hbszszj.com/uploadfile/2020/1113/20201113044007261.jpg HTTP/1.1" 206 1 "http://www.hbszszj.com/" "Mozilla/5.0 (Linux; U; Android 8.1.0; zh-CN; PBAM00 Build/OPM1.171019.026) AppleWebKit/537.36 (KHTML, like Gecko) Version/4.0 Chrome/69.0.3497.100 UWS/3.22.0.36 Mobile Safari/537.36 AliApp(DingTalk/6.0.15) com.alibaba.android.rimet/14856462 Channel/263200 language/zh-CN UT4Aplus/0.2.25 colorScheme/light"[Lt10]
